BL51 BANKED LINKER/LOCATER V6.00                                                        03/12/2012  10:02:08  PAGE 1


BL51 BANKED LINKER/LOCATER V6.00, INVOKED BY:
C:\KEIL\C51\BIN\BL51.EXE BANK0 {.\Output\DCR_Type_1.obj}, BANK0 {.\Output\DCR_Type_2.obj}, BANK0 {.\Output\DCR_Type_3.ob
>> j}, COMMON {.\Output\Align.obj}, BANK0 {.\Output\Ddc.obj}, COMMON {.\Output\Debug.obj}, COMMON {.\Output\I2c.obj}, CO
>> MMON {.\Output\Int.obj}, BANK0 {.\Output\Main.obj}, BANK0 {.\Output\Mcu.obj}, COMMON {.\Output\Timer.obj}, COMMON {.\
>> Output\Uart.obj}, COMMON {.\Output\STARTUP.obj}, COMMON {.\Output\L51_bank.obj}, BANK1 {.\Output\Adjust.obj}, BANK1 {
>> .\Output\Auto.obj}, BANK1 {.\Output\DisplayPort.obj}, BANK1 {.\Output\FrameSync.obj}, BANK1 {.\Output\Hdmi.obj}, BANK
>> 1 {.\Output\Memory.obj}, BANK0 {.\Output\Misc.obj}, BANK0 {.\Output\Mode.obj}, BANK0 {.\Output\Power.obj}, COMMON {.\
>> Output\Scaler.obj}, COMMON {.\Output\Source.obj}, BANK0 {.\Output\Sync.obj}, BANK0 {.\Output\Video.obj}, BANK0 {.\Out
>> put\YPbPr.obj}, BANK0 {.\Output\Realtek_BankSwitch.obj}, BANK2 {.\Output\Realtek_Ddc.obj}, BANK0 {.\Output\Realtek_Ee
>> prom.obj}, BANK0 {.\Output\Realtek_Flash.obj}, BANK0 {.\Output\Realtek_Key.obj}, BANK2 {.\Output\Realtek_Osd.obj}, BA
>> NK2 {.\Output\Realtek_OsdDisp.obj}, BANK2 {.\Output\Realtek_OsdFunc.obj}, BANK2 {.\Output\Realtek_OsdTable.obj}, BANK
>> 0 {.\Output\Realtek_Struct.obj}, BANK2 {.\Output\Realtek_Reserved.obj} TO .\Output\RTD2482D_Demo_Board BANKAREA (0X30
>> 00, 0XFFFF) PRINT (.\Output\RTD2482D_Demo_Board.m51) RAMSIZE (256) BANK0 (?CO?MAIN (0X3000), ?CO?REALTEK_EEPROM, ?CO?
>> YPBPR, ?CO?REALTEK_KEY) BANK1 (?CO?ADJUST (0X3000), ?CO?FRAMESYNC, ?CO?HDMI) BANK2 (?CO?REALTEK_OSD (0X3000), ?CO?REA
>> LTEK_OSDTABLE, ?CO?REALTEK_RESERVED (0XC000)) OVERLAY (* ! ?CO?REALTEK_RESERVED) XDATA (0XFB00-0XFC7F)


MEMORY MODEL: SMALL


INPUT MODULES INCLUDED:
  .\Output\DCR_Type_1.obj (DCR_TYPE_1)
  .\Output\DCR_Type_2.obj (DCR_TYPE_2)
  .\Output\DCR_Type_3.obj (DCR_TYPE_3)
  .\Output\Align.obj (ALIGN)
  .\Output\Ddc.obj (DDC)
  .\Output\Debug.obj (DEBUG)
  .\Output\I2c.obj (I2C)
  .\Output\Int.obj (INT)
  .\Output\Main.obj (MAIN)
  .\Output\Mcu.obj (MCU)
  .\Output\Timer.obj (TIMER)
  .\Output\Uart.obj (UART)
  .\Output\STARTUP.obj (?C_STARTUP)
  .\Output\L51_bank.obj (?BANK?SWITCHING)
  .\Output\Adjust.obj (ADJUST)
  .\Output\Auto.obj (AUTO)
  .\Output\DisplayPort.obj (DISPLAYPORT)
  .\Output\FrameSync.obj (FRAMESYNC)
  .\Output\Hdmi.obj (HDMI)
  .\Output\Memory.obj (MEMORY)
  .\Output\Misc.obj (MISC)
  .\Output\Mode.obj (MODE)
  .\Output\Power.obj (POWER)
  .\Output\Scaler.obj (SCALER)
  .\Output\Source.obj (SOURCE)
  .\Output\Sync.obj (SYNC)
  .\Output\Video.obj (VIDEO)
  .\Output\YPbPr.obj (YPBPR)
  .\Output\Realtek_BankSwitch.obj (REALTEK_BANKSWITCH)
  .\Output\Realtek_Ddc.obj (REALTEK_DDC)
  .\Output\Realtek_Eeprom.obj (REALTEK_EEPROM)
  .\Output\Realtek_Flash.obj (REALTEK_FLASH)
  .\Output\Realtek_Key.obj (REALTEK_KEY)
  .\Output\Realtek_Osd.obj (REALTEK_OSD)
  .\Output\Realtek_OsdDisp.obj (REALTEK_OSDDISP)
  .\Output\Realtek_OsdFunc.obj (REALTEK_OSDFUNC)
  .\Output\Realtek_OsdTable.obj (REALTEK_OSDTABLE)
BL51 BANKED LINKER/LOCATER V6.00                                                      03/12/2012  10:02:08  PAGE 2


  .\Output\Realtek_Struct.obj (REALTEK_STRUCT)
  .\Output\Realtek_Reserved.obj (REALTEK_RESERVED)
  C:\KEIL\C51\LIB\C51S.LIB (?C_INIT)
  C:\KEIL\C51\LIB\C51S.LIB (?C?COPY)
  C:\KEIL\C51\LIB\C51S.LIB (?C?CLDPTR)
  C:\KEIL\C51\LIB\C51S.LIB (?C?CLDOPTR)
  C:\KEIL\C51\LIB\C51S.LIB (?C?CILDPTR)
  C:\KEIL\C51\LIB\C51S.LIB (?C?CSTPTR)
  C:\KEIL\C51\LIB\C51S.LIB (?C?IMUL)
  C:\KEIL\C51\LIB\C51S.LIB (?C?UIDIV)
  C:\KEIL\C51\LIB\C51S.LIB (?C?SIDIV)
  C:\KEIL\C51\LIB\C51S.LIB (?C?ILDPTR)
  C:\KEIL\C51\LIB\C51S.LIB (?C?IILDPTR)
  C:\KEIL\C51\LIB\C51S.LIB (?C?ISTPTR)
  C:\KEIL\C51\LIB\C51S.LIB (?C?LMUL)
  C:\KEIL\C51\LIB\C51S.LIB (?C?ULDIV)
  C:\KEIL\C51\LIB\C51S.LIB (?C?SLDIV)
  C:\KEIL\C51\LIB\C51S.LIB (?C?LNEG)
  C:\KEIL\C51\LIB\C51S.LIB (?C?ULCMP)
  C:\KEIL\C51\LIB\C51S.LIB (?C?ULSHR)
  C:\KEIL\C51\LIB\C51S.LIB (?C?SLSHR)
  C:\KEIL\C51\LIB\C51S.LIB (?C?LSHL)
  C:\KEIL\C51\LIB\C51S.LIB (?C?LSTXDATA)
  C:\KEIL\C51\LIB\C51S.LIB (?C?LSTKXDATA)
  C:\KEIL\C51\LIB\C51S.LIB (?C?OFFXADD)
  C:\KEIL\C51\LIB\C51S.LIB (?C?CCASE)
  C:\KEIL\C51\LIB\C51S.LIB (?C?ICALL)
  C:\KEIL\C51\LIB\C51S.LIB (ABS)
  C:\KEIL\C51\LIB\C51S.LIB (LABS)
  C:\KEIL\C51\LIB\C51S.LIB (?C?IILDX)


LINK MAP OF MODULE:  .\Output\RTD2482D_Demo_Board (DCR_TYPE_1)


            TYPE    BASE      LENGTH    RELOCATION   SEGMENT NAME
            -----------------------------------------------------

            * * * * * * *   D A T A   M E M O R Y   * * * * * * *
            REG     0000H     0008H     ABSOLUTE     "REG BANK 0"
            DATA    0008H     0010H     UNIT         ?DT?MAIN
            DATA    0018H     0005H     UNIT         ?DT?SCALER
            DATA    001DH     0002H     UNIT         ?DT?TIMER
            DATA    001FH     0001H     UNIT         ?BANK?DATA
            BIT     0020H.0   0001H.2   UNIT         _BIT_GROUP_
            BIT     0021H.2   0000H.7   UNIT         ?BI?MODE
            BIT     0022H.1   0000H.5   UNIT         ?BI?TIMER
            BIT     0022H.6   0000H.3   UNIT         ?BI?DEBUG
            BIT     0023H.1   0000H.3   UNIT         ?BI?SYNC
            BIT     0023H.4   0000H.2   UNIT         ?BI?MAIN
            BIT     0023H.6   0000H.1   UNIT         ?BI?ADJUST
            BIT     0023H.7   0000H.1   UNIT         ?BI?MISC
            DATA    0024H     0039H     UNIT         _DATA_GROUP_
            DATA    005DH     001CH     UNIT         ?DT?REALTEK_OSD
            DATA    0079H     0002H     UNIT         ?DT?ADJUST
            DATA    007BH     0002H     UNIT         ?DT?MISC
            IDATA   007DH     0023H     UNIT         ?ID?TIMER
BL51 BANKED LINKER/LOCATER V6.00                                                      03/12/2012  10:02:08  PAGE 3


            IDATA   00A0H     0009H     UNIT         ?ID?AUTO
            IDATA   00A9H     0005H     UNIT         ?ID?REALTEK_OSD
            IDATA   00AEH     0004H     UNIT         ?ID?MISC
            IDATA   00B2H     0001H     UNIT         ?STACK

            * * * * * * *  X D A T A   M E M O R Y  * * * * * * *
                    0000H     FB00H                  *** GAP ***
            XDATA   FB00H     0082H     UNIT         ?XD?REALTEK_STRUCT
            XDATA   FB82H     0023H     UNIT         ?XD?MODE
            XDATA   FBA5H     0016H     UNIT         ?XD?REALTEK_OSD
            XDATA   FBBBH     0010H     UNIT         ?XD?ADJUST
            XDATA   FBCBH     000AH     UNIT         ?XD?SYNC
            XDATA   FBD5H     0008H     UNIT         ?XD?DEBUG
            XDATA   FBDDH     0006H     UNIT         ?XD?SOURCE
            XDATA   FBE3H     0004H     UNIT         ?XD?REALTEK_KEY
            XDATA   FBE7H     0003H     UNIT         ?XD?TIMER
            XDATA   FBEAH     0002H     UNIT         ?XD?MAIN
            XDATA   FBECH     0001H     UNIT         ?XD?POWER
            XDATA   FBEDH     0001H     UNIT         ?XD?REALTEK_FLASH
                    FBEEH     0092H                  *** GAP ***
            XDATA   FC80H     0080H     ABSOLUTE     
            XDATA   FD00H     0100H     ABSOLUTE     
            XDATA   FE00H     0100H     ABSOLUTE     
            XDATA   FF00H     0001H     ABSOLUTE     
            XDATA   FF01H     0001H     ABSOLUTE     
                    FF02H     0002H                  *** GAP ***
            XDATA   FF04H     0001H     ABSOLUTE     
                    FF05H     0003H                  *** GAP ***
            XDATA   FF08H     0001H     ABSOLUTE     
                    FF09H     0001H                  *** GAP ***
            XDATA   FF0AH     0001H     ABSOLUTE     
            XDATA   FF0BH     0001H     ABSOLUTE     
                    FF0CH     000DH                  *** GAP ***
            XDATA   FF19H     0001H     ABSOLUTE     
                    FF1AH     0001H                  *** GAP ***
            XDATA   FF1BH     0001H     ABSOLUTE     
            XDATA   FF1CH     0001H     ABSOLUTE     
            XDATA   FF1DH     0001H     ABSOLUTE     
            XDATA   FF1EH     0001H     ABSOLUTE     
            XDATA   FF1FH     0001H     ABSOLUTE     
            XDATA   FF20H     0001H     ABSOLUTE     
            XDATA   FF21H     0001H     ABSOLUTE     
                    FF22H     0001H                  *** GAP ***
            XDATA   FF23H     0001H     ABSOLUTE     
            XDATA   FF24H     0001H     ABSOLUTE     
            XDATA   FF25H     0001H     ABSOLUTE     
            XDATA   FF26H     0001H     ABSOLUTE     
            XDATA   FF27H     0001H     ABSOLUTE     
            XDATA   FF28H     0001H     ABSOLUTE     
            XDATA   FF29H     0001H     ABSOLUTE     
            XDATA   FF2AH     0001H     ABSOLUTE     
            XDATA   FF2BH     0001H     ABSOLUTE     
            XDATA   FF2CH     0001H     ABSOLUTE     
            XDATA   FF2DH     0001H     ABSOLUTE     
            XDATA   FF2EH     0001H     ABSOLUTE     
                    FF2FH     0002H                  *** GAP ***
            XDATA   FF31H     0001H     ABSOLUTE     
BL51 BANKED LINKER/LOCATER V6.00                                                      03/12/2012  10:02:08  PAGE 4


            XDATA   FF32H     0001H     ABSOLUTE     
            XDATA   FF33H     0001H     ABSOLUTE     
            XDATA   FF34H     0001H     ABSOLUTE     
            XDATA   FF35H     0001H     ABSOLUTE     
                    FF36H     0004H                  *** GAP ***
            XDATA   FF3AH     0001H     ABSOLUTE     
            XDATA   FF3BH     0001H     ABSOLUTE     
            XDATA   FF3CH     0001H     ABSOLUTE     
            XDATA   FF3DH     0001H     ABSOLUTE     
            XDATA   FF3EH     0001H     ABSOLUTE     
            XDATA   FF3FH     0001H     ABSOLUTE     
            XDATA   FF40H     0001H     ABSOLUTE     
            XDATA   FF41H     0001H     ABSOLUTE     
            XDATA   FF42H     0001H     ABSOLUTE     
            XDATA   FF43H     0001H     ABSOLUTE     
            XDATA   FF44H     0001H     ABSOLUTE     
            XDATA   FF45H     0001H     ABSOLUTE     
            XDATA   FF46H     0001H     ABSOLUTE     
            XDATA   FF47H     0001H     ABSOLUTE     
            XDATA   FF48H     0001H     ABSOLUTE     
            XDATA   FF49H     0001H     ABSOLUTE     
            XDATA   FF4AH     0001H     ABSOLUTE     
            XDATA   FF4BH     0001H     ABSOLUTE     
            XDATA   FF4CH     0001H     ABSOLUTE     
            XDATA   FF4DH     0001H     ABSOLUTE     
            XDATA   FF4EH     0001H     ABSOLUTE     
            XDATA   FF4FH     0001H     ABSOLUTE     
            XDATA   FF50H     0001H     ABSOLUTE     
            XDATA   FF51H     0001H     ABSOLUTE     
            XDATA   FF52H     0001H     ABSOLUTE     
            XDATA   FF53H     0001H     ABSOLUTE     
                    FF54H     000CH                  *** GAP ***
            XDATA   FF60H     0001H     ABSOLUTE     
            XDATA   FF61H     0001H     ABSOLUTE     
            XDATA   FF62H     0001H     ABSOLUTE     
                    FF63H     0001H                  *** GAP ***
            XDATA   FF64H     0001H     ABSOLUTE     
            XDATA   FF65H     0001H     ABSOLUTE     
            XDATA   FF66H     0001H     ABSOLUTE     
            XDATA   FF67H     0001H     ABSOLUTE     
            XDATA   FF68H     0001H     ABSOLUTE     
            XDATA   FF69H     0001H     ABSOLUTE     
            XDATA   FF6AH     0001H     ABSOLUTE     
            XDATA   FF6BH     0001H     ABSOLUTE     
            XDATA   FF6CH     0001H     ABSOLUTE     
            XDATA   FF6DH     0001H     ABSOLUTE     
                    FF6EH     0008H                  *** GAP ***
            XDATA   FF76H     0001H     ABSOLUTE     
                    FF77H     001DH                  *** GAP ***
            XDATA   FF94H     0001H     ABSOLUTE     
            XDATA   FF95H     0001H     ABSOLUTE     
            XDATA   FF96H     0001H     ABSOLUTE     
            XDATA   FF97H     0001H     ABSOLUTE     
            XDATA   FF98H     0001H     ABSOLUTE     
            XDATA   FF99H     0001H     ABSOLUTE     
            XDATA   FF9AH     0001H     ABSOLUTE     
            XDATA   FF9BH     0001H     ABSOLUTE     
BL51 BANKED LINKER/LOCATER V6.00                                                      03/12/2012  10:02:08  PAGE 5


            XDATA   FF9CH     0001H     ABSOLUTE     
            XDATA   FF9DH     0001H     ABSOLUTE     
            XDATA   FF9EH     0001H     ABSOLUTE     
            XDATA   FF9FH     0001H     ABSOLUTE     
            XDATA   FFA0H     0001H     ABSOLUTE     
            XDATA   FFA1H     0001H     ABSOLUTE     
            XDATA   FFA2H     0001H     ABSOLUTE     
            XDATA   FFA3H     0001H     ABSOLUTE     
            XDATA   FFA4H     0001H     ABSOLUTE     
            XDATA   FFA5H     0001H     ABSOLUTE     
            XDATA   FFA6H     0001H     ABSOLUTE     
            XDATA   FFA7H     0001H     ABSOLUTE     
                    FFA8H     0003H                  *** GAP ***
            XDATA   FFABH     0001H     ABSOLUTE     
                    FFACH     0014H                  *** GAP ***
            XDATA   FFC0H     0001H     ABSOLUTE     
            XDATA   FFC1H     0001H     ABSOLUTE     
            XDATA   FFC2H     0001H     ABSOLUTE     
            XDATA   FFC3H     0001H     ABSOLUTE     
                    FFC4H     0002H                  *** GAP ***
            XDATA   FFC6H     0001H     ABSOLUTE     
            XDATA   FFC7H     0001H     ABSOLUTE     
                    FFC8H     0001H                  *** GAP ***
            XDATA   FFC9H     0001H     ABSOLUTE     
            XDATA   FFCAH     0001H     ABSOLUTE     
            XDATA   FFCBH     0001H     ABSOLUTE     
            XDATA   FFCCH     0001H     ABSOLUTE     
            XDATA   FFCDH     0001H     ABSOLUTE     
            XDATA   FFCEH     0001H     ABSOLUTE     
                    FFCFH     0004H                  *** GAP ***
            XDATA   FFD3H     0001H     ABSOLUTE     
            XDATA   FFD4H     0001H     ABSOLUTE     
                    FFD5H     0001H                  *** GAP ***
            XDATA   FFD6H     0001H     ABSOLUTE     
            XDATA   FFD7H     0001H     ABSOLUTE     
                    FFD8H     000EH                  *** GAP ***
            XDATA   FFE6H     0001H     ABSOLUTE     
                    FFE7H     0003H                  *** GAP ***
            XDATA   FFEAH     0001H     ABSOLUTE     
                    FFEBH     0002H                  *** GAP ***
            XDATA   FFEDH     0001H     ABSOLUTE     
            XDATA   FFEEH     0001H     ABSOLUTE     
                    FFEFH     0004H                  *** GAP ***
            XDATA   FFF3H     0001H     ABSOLUTE     
            XDATA   FFF4H     0001H     ABSOLUTE     
            XDATA   FFF5H     0001H     ABSOLUTE     
                    FFF6H     0006H                  *** GAP ***
            XDATA   FFFCH     0001H     ABSOLUTE     
            XDATA   FFFDH     0001H     ABSOLUTE     
            XDATA   FFFEH     0001H     ABSOLUTE     

            * * * * * * *   C O D E   M E M O R Y   * * * * * * *
            CODE    0000H     0003H     ABSOLUTE     
            CODE    0003H     0008H     UNIT         ?PR?_LABS?LABS
            CODE    000BH     0003H     ABSOLUTE     
                    000EH     0005H                  *** GAP ***
            CODE    0013H     0003H     ABSOLUTE     
BL51 BANKED LINKER/LOCATER V6.00                                                      03/12/2012  10:02:08  PAGE 6


            CODE    0016H     0DDAH     UNIT         ?BANK?SELECT
            CODE    0DF0H     0490H     UNIT         ?C?LIB_CODE
            CODE    1280H     02F9H     UNIT         ?PR?_CDEBUGMESSAGE?DEBUG
            CODE    1579H     01FEH     UNIT         ?CO?SCALER
            CODE    1777H     019FH     UNIT         ?CO?AUTO
            CODE    1916H     018AH     UNIT         ?C_INITSEG
            CODE    1AA0H     013CH     UNIT         ?CO?MODE
            CODE    1BDCH     0117H     UNIT         ?PR?_CSCALERLOADHARDWAREVLCFONT?SCALER
            CODE    1CF3H     00E5H     UNIT         ?PR?CSOURCESCANINPUTPORT?SOURCE
            CODE    1DD8H     00E0H     UNIT         ?PR?INTPROCTIMER0?INT
            CODE    1EB8H     00D9H     UNIT         ?PR?INTPROCDDCCI?INT
            CODE    1F91H     00BDH     UNIT         ?PR?CSOURCESWITCHPORTSETTING?SOURCE
            CODE    204EH     00B1H     UNIT         ?PR?CSCALERRESET?SCALER
            CODE    20FFH     0095H     UNIT         ?CO?SOURCE
            CODE    2194H     0090H     UNIT         ?PR?_CI2CWRITE?I2C
            CODE    2224H     008CH     UNIT         ?C_C51STARTUP
            CODE    22B0H     0081H     UNIT         ?PR?_CTIMERPOLLINGFLAGPROC?TIMER
            CODE    2331H     0073H     UNIT         ?PR?CSOURCESCANHANDLER?SOURCE
            CODE    23A4H     0070H     UNIT         ?PR?_CSCALERSETDATAPORTBIT?SCALER
            CODE    2414H     006FH     UNIT         ?PR?_CSCALERCODEW?SCALER
            CODE    2483H     0065H     UNIT         ?PR?_CTIMERACTIVETIMEREVENT?TIMER
            CODE    24E8H     0064H     UNIT         ?CO?REALTEK_FLASH
            CODE    254CH     0063H     UNIT         ?CO?POWER
            CODE    25AFH     0061H     UNIT         ?PR?_CI2CREAD?I2C
            CODE    2610H     0053H     UNIT         ?PR?CSOURCESETCOUNTDOWN?SOURCE
            CODE    2663H     0052H     UNIT         ?PR?CSCALERRESETPROCESS?SCALER
            CODE    26B5H     0052H     UNIT         ?CO?REALTEK_OSDDISP
            CODE    2707H     004DH     UNIT         ?PR?_CTIMERREACTIVETIMEREVENT?TIMER
            CODE    2754H     0046H     UNIT         ?PR?DEBUG
            CODE    279AH     0045H     UNIT         ?PR?CSOURCEINITIALSETTING?SOURCE
            CODE    27DFH     0044H     UNIT         ?C?LDIV
            CODE    2823H     0043H     UNIT         ?PR?_CSCALERGETDATAPORTBYTE?SCALER
            CODE    2866H     0042H     UNIT         ?PR?_CSCALERSETDATAPORTBYTE?SCALER
            CODE    28A8H     0041H     UNIT         ?PR?SCALER
            CODE    28E9H     003FH     UNIT         ?PR?_CTIMERWAITFOREVENT?TIMER
            CODE    2928H     003EH     UNIT         ?PR?CDEBUGCHECKTIMEOUT?DEBUG
            CODE    2966H     003DH     UNIT         ?PR?_CSCALERREAD?SCALER
            CODE    29A3H     003CH     UNIT         ?PR?_CSCALERWRITE?SCALER
            CODE    29DFH     0020H     UNIT         ?PR?_CI2CGETBYTE?I2C
                    29FFH     0001H                  *** GAP ***
            CODE    2A00H     003BH     PAGE         ?BANK?SWITCH
            CODE    2A3BH     0038H     UNIT         ?PR?_CI2CWRITESTART?I2C
            CODE    2A73H     0035H     UNIT         ?PR?_CI2CSENDBYTE?I2C
            CODE    2AA8H     0035H     UNIT         ?PR?CSCALERINITIAL?SCALER
            CODE    2ADDH     0034H     UNIT         ?PR?CTIMERHANDLER?TIMER
            CODE    2B11H     0030H     UNIT         ?PR?_CI2C_START?I2C
            CODE    2B41H     0030H     UNIT         ?PR?_CSOURCESWITCHINPUTPORT?SOURCE
            CODE    2B71H     002FH     UNIT         ?PR?_CTIMERCANCELTIMEREVENT?TIMER
            CODE    2BA0H     002EH     UNIT         ?PR?_CSCALERWRITEAMOUNT?SCALER
            CODE    2BCEH     002CH     UNIT         ?PR?_CTIMERCOUNTDOWNEVENTPROC?TIMER
            CODE    2BFAH     002CH     UNIT         ?PR?CSOURCESWITCHFIRSTINPUTPORT?SOURCE
            CODE    2C26H     002AH     UNIT         ?PR?I2C
            CODE    2C50H     0028H     UNIT         ?PR?_CSCALERSETBIT?SCALER
            CODE    2C78H     0026H     UNIT         ?PR?SOURCE
            CODE    2C9EH     0025H     UNIT         ?PR?TIMER
            CODE    2CC3H     0025H     UNIT         ?PR?CSOURCEHANDLER?SOURCE
            CODE    2CE8H     0024H     UNIT         ?PR?_CI2CWRITEPOLLING?I2C
BL51 BANKED LINKER/LOCATER V6.00                                                      03/12/2012  10:02:08  PAGE 7


            CODE    2D0CH     0024H     UNIT         ?PR?CTIMERDECREASETIMERCNT?TIMER
            CODE    2D30H     0024H     UNIT         ?PR?CSCALERENABLEDISPLAYTIMING?SCALER
            CODE    2D54H     0022H     UNIT         ?PR?CSCALERENABLEDISPLAYOUTPUT?SCALER
            CODE    2D76H     001EH     UNIT         ?PR?_CTIMERPOLLINGEVENTPROC?TIMER
            CODE    2D94H     001EH     UNIT         ?CO?MISC
            CODE    2DB2H     001BH     UNIT         ?PR?DELAY5US?I2C
            CODE    2DCDH     001BH     UNIT         ?PR?CSOURCEINITIALCONNECT?SOURCE
            CODE    2DE8H     0019H     UNIT         ?PR?_CTIMERDELAYXMS?TIMER
            CODE    2E01H     0014H     UNIT         ?PR?_CSCALERGETBIT?SCALER
            CODE    2E15H     0012H     UNIT         ?PR?CSCALERDISABLEDISPLAYTIMING?SCALER
            CODE    2E27H     0012H     UNIT         ?PR?_ABS?ABS
            CODE    2E39H     0011H     UNIT         ?PR?_CI2CGETACK?I2C
            CODE    2E4AH     0011H     UNIT         ?PR?CTIMERINITIALTIMEREVENT?TIMER
            CODE    2E5BH     0010H     UNIT         ?PR?_CCHECKI2CSDA?I2C
            CODE    2E6BH     0010H     UNIT         ?PR?_CCHECKI2CSCL?I2C
            CODE    2E7BH     0010H     UNIT         ?PR?CSCALERINITIALDISPLAYOUTPUT?SCALER
            CODE    2E8BH     000EH     UNIT         ?PR?_CSETI2CSCL?I2C
            CODE    2E99H     000EH     UNIT         ?PR?_CSETI2CSDA?I2C
            CODE    2EA7H     000EH     UNIT         ?PR?_CSCALERSETBYTE?SCALER
            CODE    2EB5H     000DH     UNIT         ?PR?_CCLRI2CSCL?I2C
            CODE    2EC2H     000DH     UNIT         ?PR?_CCLRI2CSDA?I2C
            CODE    2ECFH     000BH     UNIT         ?PR?CSOURCESAVESEARCHDATA?SOURCE
            CODE    2EDAH     0009H     UNIT         ?PR?_CI2CSENDACK?I2C
            CODE    2EE3H     0009H     UNIT         ?PR?_CI2CSENDNOACK?I2C
            CODE    2EECH     0009H     UNIT         ?PR?_CSCALERPAGESELECT?SCALER
            CODE    2EF5H     0007H     UNIT         ?PR?CSCALERINITIALDISPLAYINTERFACE?SCALER
            CODE    2EFCH     0006H     UNIT         ?PR?_CI2CSTOP?I2C
            CODE    2F02H     0006H     UNIT         ?CO?SYNC

            * * * * * * *   C O D E   B A N K   0   * * * * * * *
                    0000H     3000H                  *** GAP ***
            BANK0   3000H     0A5CH     UNIT         ?CO?MAIN
            BANK0   3A5CH     02FFH     UNIT         ?CO?REALTEK_EEPROM
            BANK0   3D5BH     019FH     UNIT         ?CO?YPBPR
            BANK0   3EFAH     0006H     UNIT         ?CO?REALTEK_KEY
            BANK0   3F00H     06ABH     UNIT         ?PR?MODE
            BANK0   45ABH     0674H     UNIT         ?PR?CMODESEARCHACCEPTIVEMODEVGA?MODE
            BANK0   4C1FH     0454H     UNIT         ?PR?CMODEHANDLER?MODE
            BANK0   5073H     034FH     UNIT         ?PR?LSHANDLER?MAIN
            BANK0   53C2H     0344H     UNIT         ?PR?_CMODESEARCHACCEPTIVEPRESETMODEVGA?MODE
            BANK0   5706H     0335H     UNIT         ?PR?CMODEMEASUREDATA?MODE
            BANK0   5A3BH     02F5H     UNIT         ?PR?CMODESEARCHMODEDVI?MODE
            BANK0   5D30H     02A6H     UNIT         ?PR?CSYNCGETSYNCTYPEAUTORUN?SYNC
            BANK0   5FD6H     0299H     UNIT         ?PR?_CMODESETSCALING?MODE
            BANK0   626FH     0288H     UNIT         ?PR?REALTEK_EEPROM
            BANK0   64F7H     023AH     UNIT         ?PR?CSYNCSCANINPUTPORTDVI?SYNC
            BANK0   6731H     0226H     UNIT         ?PR?CMODESTARTUPDVI?MODE
            BANK0   6957H     0204H     UNIT         ?PR?CMODEDECIDEOVERSCANVALUE?MODE
            BANK0   6B5BH     01DAH     UNIT         ?PR?CMODEDETECTCOMMON?MODE
            BANK0   6D35H     01B9H     UNIT         ?PR?CMODERESETMODE?MODE
            BANK0   6EEEH     01B3H     UNIT         ?PR?CEEPROMLOADDEFAULT?REALTEK_EEPROM
            BANK0   70A1H     0190H     UNIT         ?PR?_CMODESETCAPTUREWINDOW?MODE
            BANK0   7231H     017EH     UNIT         ?PR?CSYNCCHECKVGAISSTABLE?SYNC
            BANK0   73AFH     0160H     UNIT         ?PR?CMCUINITIAL?MCU
            BANK0   750FH     015EH     UNIT         ?PR?CMODECHECKUSERDATA?MODE
            BANK0   766DH     015CH     UNIT         ?PR?CMAINGLOBALVARINITIAL?MAIN
            BANK0   77C9H     015CH     UNIT         ?PR?CSYNCTMDSWAKEUPDETECT?SYNC
BL51 BANKED LINKER/LOCATER V6.00                                                      03/12/2012  10:02:08  PAGE 8


            BANK0   7925H     015AH     UNIT         ?PR?_CMODESETDISPLAY?MODE
            BANK0   7A7FH     0150H     UNIT         ?PR?CSYNCSETCAPTUREWINDOWFFORHEORV?SYNC
            BANK0   7BCFH     0129H     UNIT         ?PR?CSYNCMODESETPHY?SYNC
            BANK0   7CF8H     0121H     UNIT         ?PR?CMODESETDHWIDTHTODISPLAY?MODE
            BANK0   7E19H     011EH     UNIT         ?PR?CMODESEARCHMODEVGA?MODE
            BANK0   7F37H     011DH     UNIT         ?PR?CMODESTARTUPVGA?MODE
            BANK0   8054H     011DH     UNIT         ?PR?_CMODECHECKMODEVGA?MODE
            BANK0   8171H     011BH     UNIT         ?PR?CSYNCSCANINPUTPORTVGA?SYNC
            BANK0   828CH     011AH     UNIT         ?PR?CMISCISPACK?MISC
            BANK0   83A6H     0112H     UNIT         ?PR?_CMODECOMPAREPRESETMODEVGA?MODE
            BANK0   84B8H     010FH     UNIT         ?PR?CMODEOVERSCANSETCAPTURESTART?MODE
            BANK0   85C7H     010EH     UNIT         ?PR?CMODEINITIALVGA?MODE
            BANK0   86D5H     00F4H     UNIT         ?PR?CMODECHECKDVTOTAL?MODE
            BANK0   87C9H     00E4H     UNIT         ?PR?CMODEINTERLACECHECK?MODE
            BANK0   88ADH     00E3H     UNIT         ?PR?CMODESETUPMODEDVI?MODE
            BANK0   8990H     00DAH     UNIT         ?PR?_CMODEADDITIONALSEARCH?MODE
            BANK0   8A6AH     00D9H     UNIT         ?PR?CKEYSCAN?REALTEK_KEY
            BANK0   8B43H     00CFH     UNIT         ?PR?CPOWERCONTROL?POWER
            BANK0   8C12H     00CFH     UNIT         ?PR?CEEPROMSTARTUPCHECK?REALTEK_EEPROM
            BANK0   8CE1H     00C7H     UNIT         ?PR?CMODEOVERSCANSOURCESELECT?MODE
            BANK0   8DA8H     00C5H     UNIT         ?PR?CMODEISCHANGE?MODE
            BANK0   8E6DH     00C2H     UNIT         ?PR?SYNC
            BANK0   8F2FH     00C0H     UNIT         ?PR?_CMODECHECKFIFOMODEVGA?MODE
            BANK0   8FEFH     00BCH     UNIT         ?PR?_CMODESETUPETCS?MODE
            BANK0   90ABH     00B8H     UNIT         ?PR?CMODESETFREERUN?MODE
            BANK0   9163H     00B6H     UNIT         ?PR?CMODECOLORFORMATCONVERT?MODE
            BANK0   9219H     009EH     UNIT         ?PR?CMISCCHECKTOACTIVEEVENT?MISC
            BANK0   92B7H     009EH     UNIT         ?PR?CSYNCCHECKTMDSFREQ?SYNC
            BANK0   9355H     009BH     UNIT         ?PR?_CMODEIVHEIGHTVERIFY?MODE
            BANK0   93F0H     0095H     UNIT         ?PR?_CMODESEARCHOORMODEVGA?MODE
            BANK0   9485H     0095H     UNIT         ?PR?CMODEOVERSCANCONDITIONSWITCH?MODE
            BANK0   951AH     0090H     UNIT         ?PR?CSYNCMEASUREPHYFREQ?SYNC
            BANK0   95AAH     008EH     UNIT         ?PR?_CSYNCPHYFREQFORRIGHTCOUNT?SYNC
            BANK0   9638H     008DH     UNIT         ?PR?_CMODECOMPAREFIFOMODEVGA?MODE
            BANK0   96C5H     008BH     UNIT         ?PR?_CYPBPRCOMPAREMODE?YPBPR
            BANK0   9750H     0086H     UNIT         ?PR?_CMODEYUVRGBSWITCH?MODE
            BANK0   97D6H     0085H     UNIT         ?PR?CMODEPOWERSAVINGEVENT?MODE
            BANK0   985BH     0083H     UNIT         ?PR?CMISCSETPINSHARE?MISC
            BANK0   98DEH     0083H     UNIT         ?PR?CSYNCINPUTPORT2DSWITCH?SYNC
            BANK0   9961H     007BH     UNIT         ?PR?CEEPROMINITIALMODEDATA?REALTEK_EEPROM
            BANK0   99DCH     0070H     UNIT         ?PR?CMODESETUPCOLORPROCESS?MODE
            BANK0   9A4CH     0070H     UNIT         ?PR?CEEPROMINITIALCENTERMODEDATA?REALTEK_EEPROM
            BANK0   9ABCH     006FH     UNIT         ?PR?CMODEGETMODETABLEINFO?MODE
            BANK0   9B2BH     006EH     UNIT         ?PR?MAIN
            BANK0   9B99H     006EH     UNIT         ?PR?CKEYMESSAGEPROC?REALTEK_KEY
            BANK0   9C07H     006CH     UNIT         ?PR?CYPBPRSETUPMODE?YPBPR
            BANK0   9C73H     0067H     UNIT         ?PR?CMODEGETSCALESETTING?MODE
            BANK0   9CDAH     0061H     UNIT         ?PR?CMODEOVERSCAN?MODE
            BANK0   9D3BH     005FH     UNIT         ?PR?CEEPROMLOADBRICONDATA?REALTEK_EEPROM
            BANK0   9D9AH     005DH     UNIT         ?PR?CMODEGETCURRENTMODECOLORFORMAT?MODE
            BANK0   9DF7H     005DH     UNIT         ?PR?CYPBPRGETMODEINFO?YPBPR
            BANK0   9E54H     005CH     UNIT         ?PR?CMODECONNECTISCHANGE?MODE
            BANK0   9EB0H     005AH     UNIT         ?PR?CMODEMEASUREHVACTIVESTART?MODE
            BANK0   9F0AH     0056H     UNIT         ?PR?CDDCCIINITIAL?MISC
            BANK0   9F60H     0056H     UNIT         ?PR?CMODESETUPMODEVGA?MODE
            BANK0   9FB6H     0056H     UNIT         ?PR?_CEEPROMWRITE?REALTEK_EEPROM
            BANK0   A00CH     0056H     UNIT         ?PR?CEEPROMSAVEUSERFIFOMODEDATA?REALTEK_EEPROM
BL51 BANKED LINKER/LOCATER V6.00                                                      03/12/2012  10:02:08  PAGE 9


            BANK0   A062H     0051H     UNIT         ?PR?CEEPROMLOADSYSTEMDATADEFAULT?REALTEK_EEPROM
            BANK0   A0B3H     0050H     UNIT         ?PR?_CMODECOMPAREMODEDVI?MODE
            BANK0   A103H     004FH     UNIT         ?PR?CMODEOVERSCANSELECT?MODE
            BANK0   A152H     004AH     UNIT         ?PR?CMODECONFIRMCLAMPPOSITIONSETTING?MODE
            BANK0   A19CH     004AH     UNIT         ?PR?_CEEPROMLOADMODEDATA?REALTEK_EEPROM
            BANK0   A1E6H     0049H     UNIT         ?PR?CSYNCINPUTPORT2DINITIAL?SYNC
            BANK0   A22FH     0048H     UNIT         ?PR?CMAINUSERINITIAL?MAIN
            BANK0   A277H     0048H     UNIT         ?PR?_CEEPROMLOADCENTERMODEDATA?REALTEK_EEPROM
            BANK0   A2BFH     0047H     UNIT         ?PR?CMODEOVERSCANADJUSTPOS?MODE
            BANK0   A306H     0046H     UNIT         ?PR?CMODEMEASUREREADY?MODE
            BANK0   A34CH     0044H     UNIT         ?PR?CMAINGETIDCODE?MAIN
            BANK0   A390H     0042H     UNIT         ?PR?MAIN?MAIN
            BANK0   A3D2H     0042H     UNIT         ?PR?CMODEOVERSCANCHECKCAPTUREWINDOW?MODE
            BANK0   A414H     0041H     UNIT         ?PR?CMODEOVERSCANFRAMESYNCFINETUNE?MODE
            BANK0   A455H     003CH     UNIT         ?PR?CMODESETYUVTORGB?MODE
            BANK0   A491H     003CH     UNIT         ?PR?CYPBPRMODECLAMPPOSITIONSETTING?YPBPR
            BANK0   A4CDH     003BH     UNIT         ?PR?CSYNCSCANINPUTPORTRESETPHY?SYNC
            BANK0   A508H     003BH     UNIT         ?PR?CEEPROMLOADADCDATADEFAULT?REALTEK_EEPROM
            BANK0   A543H     003BH     UNIT         ?PR?CKEYKEYPADLEDCONTROL?REALTEK_KEY
            BANK0   A57EH     0039H     UNIT         ?PR?LSIINTIAL?MAIN
            BANK0   A5B7H     0034H     UNIT         ?PR?CEEPROMLOADADCDATA?REALTEK_EEPROM
            BANK0   A5EBH     0033H     UNIT         ?PR?_CEEPROMREAD?REALTEK_EEPROM
            BANK0   A61EH     0032H     UNIT         ?PR?MISC
            BANK0   A650H     0031H     UNIT         ?PR?CMCUSELECTFLASHCLK?MCU
            BANK0   A681H     0030H     UNIT         ?PR?YPBPR
            BANK0   A6B1H     002FH     UNIT         ?PR?_CKEYMESSAGECONVERT?REALTEK_KEY
            BANK0   A6E0H     002DH     UNIT         ?PR?CEEPROMSAVEADCDATA?REALTEK_EEPROM
            BANK0   A70DH     002BH     UNIT         ?PR?CMISCMODEMEASUREPOLLINGEVENT?MISC
            BANK0   A738H     0029H     UNIT         ?PR?CSCALERDISABLENONLINEARSCALEUP?MODE
            BANK0   A761H     0029H     UNIT         ?PR?CKEYSCANREADY?REALTEK_KEY
            BANK0   A78AH     0028H     UNIT         ?PR?CPOWERPANELON?POWER
            BANK0   A7B2H     0026H     UNIT         ?PR?CMAINSYSTEMINITIAL?MAIN
            BANK0   A7D8H     0025H     UNIT         ?PR?CMODEDETECT?MODE
            BANK0   A7FDH     0025H     UNIT         ?PR?CYPBPRSEARCHMODE?YPBPR
            BANK0   A822H     0025H     UNIT         ?PR?CEEPROMINITIALUSERFIFOMODEDATA?REALTEK_EEPROM
            BANK0   A847H     0024H     UNIT         ?PR?CMODESEARCHDISPLAYMODE?MODE
            BANK0   A86BH     0024H     UNIT         ?PR?CSYNCMODIFYPOLARITY?SYNC
            BANK0   A88FH     0023H     UNIT         ?PR?CPOWERM2PLLOFF?POWER
            BANK0   A8B2H     0022H     UNIT         ?PR?CKEYHANDLER?REALTEK_KEY
            BANK0   A8D4H     0021H     UNIT         ?PR?CMISCAPPLYDOUBLEBUFFER?MISC
            BANK0   A8F5H     0020H     UNIT         ?PR?CEEPROMLOADPWMLUMIDATADEFAULT?REALTEK_EEPROM
            BANK0   A915H     001FH     UNIT         ?PR?CSYNCDISTINGUISHSOGSOY?SYNC
            BANK0   A934H     001EH     UNIT         ?PR?CPOWERPANELOFF?POWER
            BANK0   A952H     001CH     UNIT         ?PR?CMISCCONFIGUREFLASHWPPINHIGH?MISC
            BANK0   A96EH     001CH     UNIT         ?PR?CMODEGETCOLORSPACETYPE?MODE
            BANK0   A98AH     001CH     UNIT         ?PR?CPOWERADCAPLLON?POWER
            BANK0   A9A6H     001CH     UNIT         ?PR?CPOWERADCAPLLOFF?POWER
            BANK0   A9C2H     001CH     UNIT         ?PR?CEEPROMLOADSYSTEMDATA?REALTEK_EEPROM
            BANK0   A9DEH     001CH     UNIT         ?PR?CEEPROMLOADOSDUSERDATADEFAULT?REALTEK_EEPROM
            BANK0   A9FAH     001CH     UNIT         ?PR?CEEPROMLOADOSDRESERVEDATADEFAULT?REALTEK_EEPROM
            BANK0   AA16H     001CH     UNIT         ?PR?_CFLASHGETFLASHDETAILEDINFO?REALTEK_FLASH
            BANK0   AA32H     001CH     UNIT         ?PR?CKEYPOWERKEYPROC?REALTEK_KEY
            BANK0   AA4EH     001BH     UNIT         ?PR?REALTEK_KEY
            BANK0   AA69H     0019H     UNIT         ?PR?CPOWERLIGHTPOWERON?POWER
            BANK0   AA82H     0018H     UNIT         ?PR?CMODEDISPLAYACTIVEMODE?MODE
            BANK0   AA9AH     0018H     UNIT         ?PR?_CEEPROMSAVECENTERMODEDATA?REALTEK_EEPROM
            BANK0   AAB2H     0017H     UNIT         ?PR?CMODESETRGBTOYUV?MODE
BL51 BANKED LINKER/LOCATER V6.00                                                      03/12/2012  10:02:08  PAGE 10


            BANK0   AAC9H     0017H     UNIT         ?PR?CPOWERM2PLLON?POWER
            BANK0   AAE0H     0017H     UNIT         ?PR?CEEPROMLOADLSLUMIDATADEFAULT?REALTEK_EEPROM
            BANK0   AAF7H     0016H     UNIT         ?PR?CMISCCONFIGUREFLASHWPPINLOW?MISC
            BANK0   AB0DH     0016H     UNIT         ?PR?_CEEPROMSAVEMODEDATA?REALTEK_EEPROM
            BANK0   AB23H     0015H     UNIT         ?PR?CMODESETUPDISPLAY?MODE
            BANK0   AB38H     0015H     UNIT         ?PR?CPOWERHANDLER?POWER
            BANK0   AB4DH     0015H     UNIT         ?PR?CEEPROMLOADPWMLUMIDATA?REALTEK_EEPROM
            BANK0   AB62H     0014H     UNIT         ?PR?CMODEAUTOMEASUREON?MODE
            BANK0   AB76H     0014H     UNIT         ?PR?CEEPROMLOADBRICONDATADEFAULT?REALTEK_EEPROM
            BANK0   AB8AH     0014H     UNIT         ?PR?CEEPROMLOADCOLORTEMPDATADEFAULT?REALTEK_EEPROM
            BANK0   AB9EH     0013H     UNIT         ?PR?CMODECHECKVIDEOMODE?MODE
            BANK0   ABB1H     0012H     UNIT         ?PR?CMAINIOINITIAL?MAIN
            BANK0   ABC3H     0011H     UNIT         ?PR?MCU
            BANK0   ABD4H     0011H     UNIT         ?PR?_CEEPROMLOADUSERFIFOMODEDATA?REALTEK_EEPROM
            BANK0   ABE5H     0011H     UNIT         ?PR?CEEPROMSAVEBRICONDATA?REALTEK_EEPROM
            BANK0   ABF6H     0011H     UNIT         ?PR?CEEPROMLOADDDCDATA?REALTEK_EEPROM
            BANK0   AC07H     0011H     UNIT         ?PR?CKEYCHECKPOWERKEY?REALTEK_KEY
            BANK0   AC18H     0010H     UNIT         ?PR?CMISCAUTOMEASUREPOLLINGEVENT?MISC
            BANK0   AC28H     0010H     UNIT         ?PR?CMISCAPPLYDOUBLEBUFFERPOLLINGEVENT?MISC
            BANK0   AC38H     0010H     UNIT         ?PR?CMODESYNCTIMEOUTCOUNTDOWNEVENT?MODE
            BANK0   AC48H     0010H     UNIT         ?PR?CMODESTABLEDETECT?MODE
            BANK0   AC58H     000FH     UNIT         ?PR?CMISCSTABLEFLAGPOLLINGEVENT?MISC
            BANK0   AC67H     000FH     UNIT         ?PR?CMISCDVSSTARTPOLLINGEVENT?MISC
            BANK0   AC76H     000FH     UNIT         ?PR?CMODERESETSHOWOSD?MODE
            BANK0   AC85H     000FH     UNIT         ?PR?CEEPROMSAVECOLORTEMPDATA?REALTEK_EEPROM
            BANK0   AC94H     000FH     UNIT         ?PR?CEEPROMLOADCOLORTEMPDATA?REALTEK_EEPROM
            BANK0   ACA3H     000EH     UNIT         ?PR?CMISCCLEARSTATUSREGISTER?MISC
            BANK0   ACB1H     000EH     UNIT         ?PR?CPOWERPANELPOWEROFF?POWER
            BANK0   ACBFH     000EH     UNIT         ?PR?CPOWERLIGHTPOWEROFF?POWER
            BANK0   ACCDH     000EH     UNIT         ?PR?CPOWERTMDSOFF?POWER
            BANK0   ACDBH     000EH     UNIT         ?PR?CPOWERDPLLOFF?POWER
            BANK0   ACE9H     000EH     UNIT         ?PR?_CYPBPRSEARCHACCEPTIVEMODE?YPBPR
            BANK0   ACF7H     000EH     UNIT         ?PR?CEEPROMSAVESYSTEMDATA?REALTEK_EEPROM
            BANK0   AD05H     000EH     UNIT         ?PR?CEEPROMSAVEPWMLUMIDATA?REALTEK_EEPROM
            BANK0   AD13H     000DH     UNIT         ?PR?CPOWERPANELPOWERON?POWER
            BANK0   AD20H     000DH     UNIT         ?PR?CKEYPOWERKEYMIX?REALTEK_KEY
            BANK0   AD2DH     000CH     UNIT         ?PR?CSYNCPHYZ0POWEROFF?SYNC
            BANK0   AD39H     000CH     UNIT         ?PR?COSDBANKSWITCHCANCELTIMER?REALTEK_BANKSWITCH
            BANK0   AD45H     000CH     UNIT         ?PR?CEEPROMSAVEOSDUSERDATA?REALTEK_EEPROM
            BANK0   AD51H     000CH     UNIT         ?PR?CEEPROMLOADOSDUSERDATA?REALTEK_EEPROM
            BANK0   AD5DH     000CH     UNIT         ?PR?CEEPROMSAVEOSDRESERVEDATA?REALTEK_EEPROM
            BANK0   AD69H     000CH     UNIT         ?PR?CEEPROMLOADOSDRESERVEDATA?REALTEK_EEPROM
            BANK0   AD75H     000BH     UNIT         ?PR?POWER
            BANK0   AD80H     000BH     UNIT         ?PR?CKEYINITIAL?REALTEK_KEY
            BANK0   AD8BH     000AH     UNIT         ?PR?CPOWERLVDSON?POWER
            BANK0   AD95H     000AH     UNIT         ?PR?CYPBPRSTARTUP?YPBPR
            BANK0   AD9FH     0009H     UNIT         ?PR?CMAINDETECTSYSTEMPOWER?MAIN
            BANK0   ADA8H     0009H     UNIT         ?PR?CMISCENABLEDOUBLEBUFFER?MISC
            BANK0   ADB1H     0009H     UNIT         ?PR?CMISCDISABLEDOUBLEBUFFER?MISC
            BANK0   ADBAH     0009H     UNIT         ?PR?CMODEAUTOMEASUREOFF?MODE
            BANK0   ADC3H     0009H     UNIT         ?PR?CPOWERLVDSOFF?POWER
            BANK0   ADCCH     0009H     UNIT         ?PR?CPOWERTMDSON?POWER
            BANK0   ADD5H     0008H     UNIT         ?PR?CMODESTABLECOUNTDOWNEVENT?MODE
            BANK0   ADDDH     0008H     UNIT         ?PR?CPOWERPWMON?POWER
            BANK0   ADE5H     0008H     UNIT         ?PR?CPOWERPWMOFF?POWER
            BANK0   ADEDH     0008H     UNIT         ?PR?CKEYSCANREADYTIMEREVENT?REALTEK_KEY
            BANK0   ADF5H     0008H     UNIT         ?PR?CKEYREPEATENABLETIMEREVENT?REALTEK_KEY
BL51 BANKED LINKER/LOCATER V6.00                                                      03/12/2012  10:02:08  PAGE 11


            BANK0   ADFDH     0007H     UNIT         ?PR?_CMCUFLASHCLKDIV?MCU
            BANK0   AE04H     0007H     UNIT         ?PR?_CMCUCLKDIV?MCU
            BANK0   AE0BH     0006H     UNIT         ?PR?CEEPROMSAVELSLUMIDATA?REALTEK_EEPROM
            BANK0   AE11H     0006H     UNIT         ?PR?CEEPROMLOADLSLUMIDATA?REALTEK_EEPROM
            BANK0   AE17H     0005H     UNIT         ?PR?CMODENOSIGNALEVENT?MODE
            BANK0   AE1CH     0005H     UNIT         ?PR?CMODENOCABLEEVENT?MODE
            BANK0   AE21H     0005H     UNIT         ?PR?CMODENOSUPPORTEVENT?MODE
            BANK0   AE26H     0005H     UNIT         ?PR?CMODEOSDDISPLAYTIMINGANDINPUTEVENT?MODE
            BANK0   AE2BH     0004H     UNIT         ?PR?COSDBANKSWITCHNOPORTWARNING?REALTEK_BANKSWITCH
            BANK0   AE2FH     0003H     UNIT         ?PR?CMISCISPDEBUGPROC?MISC
            BANK0   AE32H     0003H     UNIT         ?PR?CPOWERDISPLAYPORTON?POWER
            BANK0   AE35H     0003H     UNIT         ?PR?CPOWERDISPLAYPORTOFF?POWER
            BANK0   AE38H     0002H     UNIT         ?PR?CMAINRESETCHECK?MAIN

            * * * * * * *   C O D E   B A N K   1   * * * * * * *
                    0000H     3000H                  *** GAP ***
            BANK1   3000H     438FH     UNIT         ?CO?ADJUST
            BANK1   738FH     0010H     UNIT         ?CO?FRAMESYNC
            BANK1   739FH     0001H     UNIT         ?CO?HDMI
            BANK1   73A0H     0530H     UNIT         ?PR?CAUTODOAUTOCLOCK?AUTO
            BANK1   78D0H     0456H     UNIT         ?PR?CAUTODOAUTOPOSITION?AUTO
            BANK1   7D26H     0453H     UNIT         ?PR?_CADJUSTAPLLFASTLOCK?ADJUST
            BANK1   8179H     0445H     UNIT         ?PR?_CADJUSTAPLLINITIAL?ADJUST
            BANK1   85BEH     03B2H     UNIT         ?PR?AUTO
            BANK1   8970H     0326H     UNIT         ?PR?_CAUTOMEASUREPOSITIONV?AUTO
            BANK1   8C96H     030EH     UNIT         ?PR?_CADJUSTPHASE?ADJUST
            BANK1   8FA4H     02BFH     UNIT         ?PR?CAUTOTUNEBALANCE?AUTO
            BANK1   9263H     02B5H     UNIT         ?PR?CAUTODOAUTOPHASE?AUTO
            BANK1   9518H     0246H     UNIT         ?PR?ADJUST
            BANK1   975EH     0245H     UNIT         ?PR?CADJUSTVPOSITION?ADJUST
            BANK1   99A3H     0234H     UNIT         ?PR?_CAUTOMEASUREPOSITIONH?AUTO
            BANK1   9BD7H     01F8H     UNIT         ?PR?CADJUSTPLL?ADJUST
            BANK1   9DCFH     01F5H     UNIT         ?PR?_CAUTOPHASESEARCH?AUTO
            BANK1   9FC4H     0191H     UNIT         ?PR?CFRAMESYNCDO?FRAMESYNC
            BANK1   A155H     0180H     UNIT         ?PR?_CADJUSTIVS2DVSDELAY?ADJUST
            BANK1   A2D5H     012EH     UNIT         ?PR?CFRAMESYNCFASTDO?FRAMESYNC
            BANK1   A403H     011BH     UNIT         ?PR?CAUTOADJUSTADCOFFSETBYHW?AUTO
            BANK1   A51EH     0101H     UNIT         ?PR?CAUTODOAUTOCONFIG?AUTO
            BANK1   A61FH     00E0H     UNIT         ?PR?CADJUSTCOASTREGION?ADJUST
            BANK1   A6FFH     00D7H     UNIT         ?PR?CAUTODOWHITEBALANCE?AUTO
            BANK1   A7D6H     00C4H     UNIT         ?PR?_CADJUSTGETAPLLGVALUE?ADJUST
            BANK1   A89AH     00C4H     UNIT         ?PR?CADJUSTADCCLAMP?ADJUST
            BANK1   A95EH     00C0H     UNIT         ?PR?_CAUTOMEASURECOLOR?AUTO
            BANK1   AA1EH     00AFH     UNIT         ?PR?CAUTOWAITFINISH?AUTO
            BANK1   AACDH     00A2H     UNIT         ?PR?_CAUTOCHANGEADCOFFSET?AUTO
            BANK1   AB6FH     0095H     UNIT         ?PR?_CAUTOTUNEADCGAIN?AUTO
            BANK1   AC04H     0091H     UNIT         ?PR?CFRAMESYNCFINETUNE?FRAMESYNC
            BANK1   AC95H     008AH     UNIT         ?PR?CADJUSTADCSETTING?ADJUST
            BANK1   AD1FH     0084H     UNIT         ?PR?_CADJUSTCHECKADCCLOCKRANGE?ADJUST
            BANK1   ADA3H     0083H     UNIT         ?PR?CFRAMESYNCANALOGFINETUNE?FRAMESYNC
            BANK1   AE26H     0076H     UNIT         ?PR?CFRAMESYNCMODIFYDVSTARTPOS?FRAMESYNC
            BANK1   AE9CH     0075H     UNIT         ?PR?_CFRAMESYNCTESTSYNC?FRAMESYNC
            BANK1   AF11H     0073H     UNIT         ?PR?CAUTOADJUSTADCGAINBYFW?AUTO
            BANK1   AF84H     0060H     UNIT         ?PR?_CFRAMESYNCSPREADSPECTRUMFINETUNE?FRAMESYNC
            BANK1   AFE4H     0054H     UNIT         ?PR?_CADJUSTDITHER?ADJUST
            BANK1   B038H     0053H     UNIT         ?PR?_ADJUST_LUTTABLE?ADJUST
            BANK1   B08BH     0053H     UNIT         ?PR?FRAMESYNC
BL51 BANKED LINKER/LOCATER V6.00                                                      03/12/2012  10:02:08  PAGE 12


            BANK1   B0DEH     0051H     UNIT         ?PR?_WRITE_LUTTABLE?ADJUST
            BANK1   B12FH     0050H     UNIT         ?PR?_CAUTOFAILCOUNTPROC?AUTO
            BANK1   B17FH     0050H     UNIT         ?PR?_CAUTOCHECKCAPTURESTART?AUTO
            BANK1   B1CFH     004BH     UNIT         ?PR?_CADJUSTDIGITALFILTER?ADJUST
            BANK1   B21AH     0048H     UNIT         ?PR?_CADJUSTADCCLOCK?ADJUST
            BANK1   B262H     0046H     UNIT         ?PR?_CAUTOWAITFORIVS?AUTO
            BANK1   B2A8H     0046H     UNIT         ?PR?_CAUTOCHANGEADCGAIN?AUTO
            BANK1   B2EEH     003DH     UNIT         ?PR?_CADJUSTBRIGHTNESS?ADJUST
            BANK1   B32BH     003DH     UNIT         ?PR?_CADJUSTCONTRAST?ADJUST
            BANK1   B368H     003CH     UNIT         ?PR?_CAUTOREADPHASEINFO?AUTO
            BANK1   B3A4H     003AH     UNIT         ?PR?CAUTOCHECKACTIVEREGION?AUTO
            BANK1   B3DEH     0037H     UNIT         ?PR?CADJUSTSETSHARPNESSTABLE?ADJUST
            BANK1   B415H     0036H     UNIT         ?PR?_CADJUSTBACKGROUNDCOLOR?ADJUST
            BANK1   B44BH     0036H     UNIT         ?PR?CADJUSTUPDATECENTERDATA?ADJUST
            BANK1   B481H     0033H     UNIT         ?PR?_CADJUSTENABLEWATCHDOG?ADJUST
            BANK1   B4B4H     0031H     UNIT         ?PR?CADJUSTHDCP?ADJUST
            BANK1   B4E5H     002EH     UNIT         ?PR?CADJUSTSETDIGITALCAPTURE?ADJUST
            BANK1   B513H     002CH     UNIT         ?PR?_CADJUSTBACKLIGHT?ADJUST
            BANK1   B53FH     002CH     UNIT         ?PR?CFRAMESYNCDETECT?FRAMESYNC
            BANK1   B56BH     002BH     UNIT         ?PR?_CADJUSTSHARPNESS?ADJUST
            BANK1   B596H     0025H     UNIT         ?PR?_CADJUSTDCLKOFFSET?ADJUST
            BANK1   B5BBH     0025H     UNIT         ?PR?_CADJUSTCOLORPALETTE?ADJUST
            BANK1   B5E0H     0024H     UNIT         ?PR?CADJUSTADCOFFSET?ADJUST
            BANK1   B604H     0024H     UNIT         ?PR?_CAUTOCHECKCLOCK?AUTO
            BANK1   B628H     0022H     UNIT         ?PR?CADJUSTDCRESTORE?ADJUST
            BANK1   B64AH     0021H     UNIT         ?PR?CADJUSTADCGAIN?ADJUST
            BANK1   B66BH     0020H     UNIT         ?PR?_CADJUSTIVSDELAY?ADJUST
            BANK1   B68BH     001FH     UNIT         ?PR?CADJUSTSYNCPROCESSORMEASURESTART?ADJUST
            BANK1   B6AAH     001DH     UNIT         ?PR?CHDMIFORMATDETECT?HDMI
            BANK1   B6C7H     001BH     UNIT         ?PR?_CADJUSTDISABLEWATCHDOG?ADJUST
            BANK1   B6E2H     001AH     UNIT         ?PR?_CADJUSTDCLKSPREADSPECTRUMRANGE?ADJUST
            BANK1   B6FCH     0017H     UNIT         ?PR?_CADJUSTIHSDELAY?ADJUST
            BANK1   B713H     0013H     UNIT         ?PR?CADJUSTTMDSCAPTURECHECK?ADJUST
            BANK1   B726H     000FH     UNIT         ?PR?_CFRAMESYNCLASTLINEFINETUNE?FRAMESYNC
            BANK1   B735H     000EH     UNIT         ?PR?CADJUSTTMDSERRORCORRECTIONON?ADJUST
            BANK1   B743H     000DH     UNIT         ?PR?_CADJUSTWRITEHDCPKEY?ADJUST
            BANK1   B750H     000CH     UNIT         ?PR?CADJUSTADCGAINLSB?ADJUST
            BANK1   B75CH     000CH     UNIT         ?PR?CADJUSTADCOFFSETLSB?ADJUST
            BANK1   B768H     000CH     UNIT         ?PR?CADJUSTADCGAINOFFSET?ADJUST
            BANK1   B774H     000AH     UNIT         ?PR?CADJUSTWRITEHDCPCTRL?ADJUST
            BANK1   B77EH     0008H     UNIT         ?PR?CADJUSTHPOSITION?ADJUST
            BANK1   B786H     0001H     UNIT         ?PR?CADJUSTSRGB?ADJUST

            * * * * * * *   C O D E   B A N K   2   * * * * * * *
                    0000H     3000H                  *** GAP ***
            BANK2   3000H     2B5AH     UNIT         ?CO?REALTEK_OSD
            BANK2   5B5AH     05A0H     UNIT         ?CO?REALTEK_OSDTABLE
            BANK2   60FAH     052EH     UNIT         ?PR?REALTEK_OSD
            BANK2   6628H     0261H     UNIT         ?PR?COSDLEFTFBRIGHTADJ?REALTEK_OSD
            BANK2   6889H     0252H     UNIT         ?PR?COSDMENUNONE?REALTEK_OSD
            BANK2   6ADBH     023EH     UNIT         ?PR?_COSDFXLOADTEXT?REALTEK_OSDFUNC
            BANK2   6D19H     01E7H     UNIT         ?PR?REALTEK_OSDFUNC
            BANK2   6F00H     01CBH     UNIT         ?PR?COSDHANDLER?REALTEK_OSD
            BANK2   70CBH     01C9H     UNIT         ?PR?COSDDISPTIMINGANDINPUTSOURCE?REALTEK_OSDDISP
            BANK2   7294H     01C7H     UNIT         ?PR?REALTEK_OSDDISP
            BANK2   745BH     019DH     UNIT         ?PR?COSDRIGHTFBRIGHTADJ?REALTEK_OSD
            BANK2   75F8H     017CH     UNIT         ?PR?_COSDFXGETCOLWITHINTEXT?REALTEK_OSDFUNC
BL51 BANKED LINKER/LOCATER V6.00                                                      03/12/2012  10:02:08  PAGE 13


            BANK2   7774H     0134H     UNIT         ?PR?COSDDISPTIMINGINFOSTYLE?REALTEK_OSDDISP
            BANK2   78A8H     0121H     UNIT         ?PR?_COSDFXDRAWWINDOW?REALTEK_OSDFUNC
            BANK2   79C9H     011EH     UNIT         ?PR?_COSDFXGETADCCLOCKRANGE?REALTEK_OSDFUNC
            BANK2   7AE7H     0102H     UNIT         ?PR?_COSDFXSHOWNUMBER?REALTEK_OSDFUNC
            BANK2   7BE9H     00ECH     UNIT         ?PR?_COSDFXCODEWRITE?REALTEK_OSDFUNC
            BANK2   7CD5H     00E6H     UNIT         ?PR?COSDLEFTDICOMSETTING?REALTEK_OSD
            BANK2   7DBBH     00E0H     UNIT         ?PR?COSDMENULANGUAGE?REALTEK_OSD
            BANK2   7E9BH     00DEH     UNIT         ?PR?COSDRIGHTDICOMSETTING?REALTEK_OSD
            BANK2   7F79H     00CFH     UNIT         ?PR?_COSDFXSETPOSITION?REALTEK_OSDFUNC
            BANK2   8048H     00CDH     UNIT         ?PR?COSDSYSTEMFLOWPROC?REALTEK_OSD
            BANK2   8115H     00C6H     UNIT         ?PR?COSDDISPDRAWINITWINDOW?REALTEK_OSDDISP
            BANK2   81DBH     00C0H     UNIT         ?PR?_COSDDISPFULLSLIDER?REALTEK_OSDDISP
            BANK2   829BH     00BDH     UNIT         ?PR?COSDDISPSHOWFACTORYMODEVALUE?REALTEK_OSDDISP
            BANK2   8358H     00BCH     UNIT         ?PR?COSDEVENTMSGPROC?REALTEK_OSD
            BANK2   8414H     00AFH     UNIT         ?PR?COSDDISPNOSUPPORTPROC?REALTEK_OSDDISP
            BANK2   84C3H     00AEH     UNIT         ?PR?_COSDDISPSHOWRESOLUTION?REALTEK_OSDDISP
            BANK2   8571H     00AAH     UNIT         ?PR?_COSDDISPDICOMCONTENT?REALTEK_OSDDISP
            BANK2   861BH     00A8H     UNIT         ?PR?COSDFXSETCHARCOMMANDMAP?REALTEK_OSDFUNC
            BANK2   86C3H     009EH     UNIT         ?PR?COSDDISPNOSIGNALPROC?REALTEK_OSDDISP
            BANK2   8761H     009BH     UNIT         ?PR?_COSDDISPSETWINDOWPOSDISP?REALTEK_OSDDISP
            BANK2   87FCH     0095H     UNIT         ?PR?COSDLEFTGAMMASETTING?REALTEK_OSD
            BANK2   8891H     0095H     UNIT         ?PR?COSDDISPAUTOCOLORPROC?REALTEK_OSDDISP
            BANK2   8926H     0094H     UNIT         ?PR?COSDDISPLANGUAGEBACK?REALTEK_OSDDISP
            BANK2   89BAH     0091H     UNIT         ?PR?_COSDFXSLIDER?REALTEK_OSDFUNC
            BANK2   8A4BH     0088H     UNIT         ?PR?COSDDISPCOLORPROCESS?REALTEK_OSDDISP
            BANK2   8AD3H     0081H     UNIT         ?PR?COSDDISPAUTOPROC?REALTEK_OSDDISP
            BANK2   8B54H     007BH     UNIT         ?PR?_COSDFXCHANGE2BITCOLOR?REALTEK_OSDFUNC
            BANK2   8BCFH     0078H     UNIT         ?PR?_COSDDISPGAMMACONTENT?REALTEK_OSDDISP
            BANK2   8C47H     0071H     UNIT         ?PR?COSDDISPNOCABLEPROC?REALTEK_OSDDISP
            BANK2   8CB8H     006AH     UNIT         ?PR?_COSDDISPWINDOWHPOINT?REALTEK_OSDDISP
            BANK2   8D22H     0068H     UNIT         ?PR?COSDMENUCOLORTEMP?REALTEK_OSD
            BANK2   8D8AH     0067H     UNIT         ?PR?COSDRIGHTSUBCLOCK?REALTEK_OSD
            BANK2   8DF1H     0064H     UNIT         ?PR?COSDLEFTSUBCLOCK?REALTEK_OSD
            BANK2   8E55H     0063H     UNIT         ?PR?COSDRIGHTGAMMASETTING?REALTEK_OSD
            BANK2   8EB8H     0061H     UNIT         ?PR?COSDMENUSHARPNESS?REALTEK_OSD
            BANK2   8F19H     0056H     UNIT         ?PR?COSDLEFTSUBDICOM?REALTEK_OSD
            BANK2   8F6FH     0056H     UNIT         ?PR?COSDRIGHTSUBDICOM?REALTEK_OSD
            BANK2   8FC5H     0052H     UNIT         ?PR?_COSDFXCALCSTARTADDRESS?REALTEK_OSDFUNC
            BANK2   9017H     0051H     UNIT         ?PR?_COSDFXAPPLYMAPSETTING?REALTEK_OSDFUNC
            BANK2   9068H     0050H     UNIT         ?PR?COSDRIGHTSUBVPOSITION?REALTEK_OSD
            BANK2   90B8H     004FH     UNIT         ?PR?_COSDFXGETVPOSITIONRANGE?REALTEK_OSDFUNC
            BANK2   9107H     004EH     UNIT         ?PR?COSDRIGHTAUTOADJUST?REALTEK_OSD
            BANK2   9155H     004EH     UNIT         ?PR?COSDMENURGBYUV?REALTEK_OSD
            BANK2   91A3H     004EH     UNIT         ?PR?COSDMENUSUBRGB?REALTEK_OSD
            BANK2   91F1H     004BH     UNIT         ?PR?COSDLEFTSUBVPOSITION?REALTEK_OSD
            BANK2   923CH     004AH     UNIT         ?PR?_COSDFXGETHPOSITIONRANGE?REALTEK_OSDFUNC
            BANK2   9286H     0047H     UNIT         ?PR?COSDDISPCOLORTEMPSELECT?REALTEK_OSDDISP
            BANK2   92CDH     0046H     UNIT         ?PR?COSDMENUASPECTRATIO?REALTEK_OSD
            BANK2   9313H     0046H     UNIT         ?PR?_COSDDISPCLEARTEXT?REALTEK_OSDDISP
            BANK2   9359H     0045H     UNIT         ?PR?COSDLEFTSIGNALSOURCE?REALTEK_OSD
            BANK2   939EH     0044H     UNIT         ?PR?COSDRIGHTSUBHPOSITION?REALTEK_OSD
            BANK2   93E2H     0044H     UNIT         ?PR?_COSDDISP_YES_NO?REALTEK_OSDDISP
            BANK2   9426H     0043H     UNIT         ?PR?COSDMENUSUBYUV?REALTEK_OSD
            BANK2   9469H     0042H     UNIT         ?PR?COSDMENUDICOMSETTING?REALTEK_OSD
            BANK2   94ABH     0041H     UNIT         ?PR?COSDMENUCLOCK?REALTEK_OSD
            BANK2   94ECH     0041H     UNIT         ?PR?COSDLEFTSUBHPOSITION?REALTEK_OSD
            BANK2   952DH     003FH     UNIT         ?PR?_COSDDISPWINDOWPOINT?REALTEK_OSDDISP
BL51 BANKED LINKER/LOCATER V6.00                                                      03/12/2012  10:02:08  PAGE 14


            BANK2   956CH     003EH     UNIT         ?PR?_COSDFXCHANGE1BITCOLOR?REALTEK_OSDFUNC
            BANK2   95AAH     003CH     UNIT         ?PR?_COSDDISPCONTRASTCHANGEOVER?REALTEK_OSDDISP
            BANK2   95E6H     003CH     UNIT         ?PR?_COSDDISPSIGNALCONTENT?REALTEK_OSDDISP
            BANK2   9622H     003AH     UNIT         ?PR?COSDFXSETFRAMECTRLCOMMAND?REALTEK_OSDFUNC
            BANK2   965CH     0035H     UNIT         ?PR?CWAKEUPSHOWSOURCE?REALTEK_OSD
            BANK2   9691H     0034H     UNIT         ?PR?COSDLEFTAUTOADJUST?REALTEK_OSD
            BANK2   96C5H     0034H     UNIT         ?PR?COSDMENUVPOSITION?REALTEK_OSD
            BANK2   96F9H     0033H     UNIT         ?PR?_COSDDISPARROWPOINT?REALTEK_OSDDISP
            BANK2   972CH     0033H     UNIT         ?PR?COSDDISPJUDGESOURCETYPE?REALTEK_OSDDISP
            BANK2   975FH     0033H     UNIT         ?PR?_COSDFXCHANGEWINDOWCOLOR?REALTEK_OSDFUNC
            BANK2   9792H     0033H     UNIT         ?PR?COSDFACTORYRESET?REALTEK_OSDFUNC
            BANK2   97C5H     0031H     UNIT         ?PR?COSDRIGHTSIGNALSOURCE?REALTEK_OSD
            BANK2   97F6H     002FH     UNIT         ?PR?COSDMENUCOLORADJ?REALTEK_OSD
            BANK2   9825H     002FH     UNIT         ?PR?_COSDDISPCLEARICON?REALTEK_OSDDISP
            BANK2   9854H     002EH     UNIT         ?PR?COSDLEFTSUBGAMMA?REALTEK_OSD
            BANK2   9882H     002EH     UNIT         ?PR?COSDMENUPHASE?REALTEK_OSD
            BANK2   98B0H     002EH     UNIT         ?PR?COSDMENUHPOSITION?REALTEK_OSD
            BANK2   98DEH     002CH     UNIT         ?PR?COSDLEFTFCOLOR6500GADJ?REALTEK_OSD
            BANK2   990AH     002CH     UNIT         ?PR?COSDRIGHTFCOLOR6500GADJ?REALTEK_OSD
            BANK2   9936H     002CH     UNIT         ?PR?COSDLEFTFCOLOR6500BADJ?REALTEK_OSD
            BANK2   9962H     002CH     UNIT         ?PR?COSDRIGHTFCOLOR6500BADJ?REALTEK_OSD
            BANK2   998EH     002CH     UNIT         ?PR?COSDLEFTFCOLOR5800GADJ?REALTEK_OSD
            BANK2   99BAH     002CH     UNIT         ?PR?COSDRIGHTFCOLOR5800GADJ?REALTEK_OSD
            BANK2   99E6H     002CH     UNIT         ?PR?COSDLEFTFCOLOR5800BADJ?REALTEK_OSD
            BANK2   9A12H     002CH     UNIT         ?PR?COSDRIGHTFCOLOR5800BADJ?REALTEK_OSD
            BANK2   9A3EH     002CH     UNIT         ?PR?COSDLEFTFSRGBGADJ?REALTEK_OSD
            BANK2   9A6AH     002CH     UNIT         ?PR?COSDRIGHTFSRGBGADJ?REALTEK_OSD
            BANK2   9A96H     002CH     UNIT         ?PR?COSDLEFTFSRGBBADJ?REALTEK_OSD
            BANK2   9AC2H     002CH     UNIT         ?PR?COSDRIGHTFSRGBBADJ?REALTEK_OSD
            BANK2   9AEEH     002CH     UNIT         ?PR?COSDLEFTFUSERGADJ?REALTEK_OSD
            BANK2   9B1AH     002CH     UNIT         ?PR?COSDRIGHTFUSERGADJ?REALTEK_OSD
            BANK2   9B46H     002CH     UNIT         ?PR?COSDLEFTFUSERBADJ?REALTEK_OSD
            BANK2   9B72H     002CH     UNIT         ?PR?COSDRIGHTFUSERBADJ?REALTEK_OSD
            BANK2   9B9EH     002CH     UNIT         ?PR?_COSDFXDETOVERRANGE?REALTEK_OSDFUNC
            BANK2   9BCAH     002BH     UNIT         ?PR?COSDRIGHTSUBPHASE?REALTEK_OSD
            BANK2   9BF5H     002BH     UNIT         ?PR?COSDLEFTASPECTRATIO?REALTEK_OSD
            BANK2   9C20H     002BH     UNIT         ?PR?COSDRIGHTASPECTRATIO?REALTEK_OSD
            BANK2   9C4BH     002AH     UNIT         ?PR?COSDLEFTSUBPHASE?REALTEK_OSD
            BANK2   9C75H     002AH     UNIT         ?PR?COSDLEFTFCOLOR9300GADJ?REALTEK_OSD
            BANK2   9C9FH     002AH     UNIT         ?PR?COSDRIGHTFCOLOR9300GADJ?REALTEK_OSD
            BANK2   9CC9H     002AH     UNIT         ?PR?COSDLEFTFCOLOR9300BADJ?REALTEK_OSD
            BANK2   9CF3H     002AH     UNIT         ?PR?COSDRIGHTFCOLOR9300BADJ?REALTEK_OSD
            BANK2   9D1DH     0029H     UNIT         ?PR?COSDEXITSINGALVGA?REALTEK_OSD
            BANK2   9D46H     0028H     UNIT         ?PR?COSDMENUFEXIT?REALTEK_OSD
            BANK2   9D6EH     0026H     UNIT         ?PR?COSDLEFTNONE?REALTEK_OSD
            BANK2   9D94H     0026H     UNIT         ?PR?COSDLEFTFCOLOR6500RADJ?REALTEK_OSD
            BANK2   9DBAH     0026H     UNIT         ?PR?COSDRIGHTFCOLOR6500RADJ?REALTEK_OSD
            BANK2   9DE0H     0026H     UNIT         ?PR?COSDLEFTFCOLOR5800RADJ?REALTEK_OSD
            BANK2   9E06H     0026H     UNIT         ?PR?COSDRIGHTFCOLOR5800RADJ?REALTEK_OSD
            BANK2   9E2CH     0026H     UNIT         ?PR?COSDLEFTFSRGBRADJ?REALTEK_OSD
            BANK2   9E52H     0026H     UNIT         ?PR?COSDRIGHTFSRGBRADJ?REALTEK_OSD
            BANK2   9E78H     0026H     UNIT         ?PR?COSDLEFTFUSERRADJ?REALTEK_OSD
            BANK2   9E9EH     0026H     UNIT         ?PR?COSDRIGHTFUSERRADJ?REALTEK_OSD
            BANK2   9EC4H     0026H     UNIT         ?PR?_COSDFXHLINE?REALTEK_OSDFUNC
            BANK2   9EEAH     0025H     UNIT         ?PR?COSDRIGHTSUBCONTRAST?REALTEK_OSD
            BANK2   9F0FH     0025H     UNIT         ?PR?COSDRIGHTSUBOSDTIME?REALTEK_OSD
            BANK2   9F34H     0024H     UNIT         ?PR?COSDLEFTFCOLOR9300RADJ?REALTEK_OSD
BL51 BANKED LINKER/LOCATER V6.00                                                      03/12/2012  10:02:08  PAGE 15


            BANK2   9F58H     0024H     UNIT         ?PR?COSDRIGHTFCOLOR9300RADJ?REALTEK_OSD
            BANK2   9F7CH     0023H     UNIT         ?PR?COSDEXITDICOMSETTING?REALTEK_OSD
            BANK2   9F9FH     0023H     UNIT         ?PR?COSDLEFTSUBCONTRAST?REALTEK_OSD
            BANK2   9FC2H     0023H     UNIT         ?PR?COSDLEFTADJG?REALTEK_OSD
            BANK2   9FE5H     0023H     UNIT         ?PR?COSDRIGHTADJG?REALTEK_OSD
            BANK2   A008H     0023H     UNIT         ?PR?COSDLEFTADJB?REALTEK_OSD
            BANK2   A02BH     0023H     UNIT         ?PR?COSDRIGHTADJB?REALTEK_OSD
            BANK2   A04EH     0023H     UNIT         ?PR?COSDLEFTSUBOSDTIME?REALTEK_OSD
            BANK2   A071H     0022H     UNIT         ?PR?COSDRIGHTFACTORY?REALTEK_OSD
            BANK2   A093H     0022H     UNIT         ?PR?COSDRIGHTCONTRAST?REALTEK_OSD
            BANK2   A0B5H     0022H     UNIT         ?PR?COSDLEFTHPOSITION?REALTEK_OSD
            BANK2   A0D7H     0022H     UNIT         ?PR?COSDRIGHTVPOSITION?REALTEK_OSD
            BANK2   A0F9H     0022H     UNIT         ?PR?COSDRIGHTOSDHPOS?REALTEK_OSD
            BANK2   A11BH     0021H     UNIT         ?PR?COSDRIGHTSUBOSDHPOS?REALTEK_OSD
            BANK2   A13CH     0021H     UNIT         ?PR?COSDRIGHTSUBOSDVPOS?REALTEK_OSD
            BANK2   A15DH     0021H     UNIT         ?PR?COSDDISPAUTOPROCPREVWORK?REALTEK_OSDDISP
            BANK2   A17EH     0020H     UNIT         ?PR?COSDLEFTSUBOSDHPOS?REALTEK_OSD
            BANK2   A19EH     0020H     UNIT         ?PR?COSDLEFTSUBOSDVPOS?REALTEK_OSD
            BANK2   A1BEH     001FH     UNIT         ?PR?COSDRIGHTNONE?REALTEK_OSD
            BANK2   A1DDH     001FH     UNIT         ?PR?COSDLEFTBRIGHTNESSSETTING?REALTEK_OSD
            BANK2   A1FCH     001FH     UNIT         ?PR?COSDLEFTCONTRASTSETTING?REALTEK_OSD
            BANK2   A21BH     001FH     UNIT         ?PR?COSDRIGHTCONTRASTSETTING?REALTEK_OSD
            BANK2   A23AH     001FH     UNIT         ?PR?COSDLEFTFACTORY?REALTEK_OSD
            BANK2   A259H     001FH     UNIT         ?PR?COSDRIGHTSUBGAMMA?REALTEK_OSD
            BANK2   A278H     001FH     UNIT         ?PR?COSDLEFTBRIGHTNESS?REALTEK_OSD
            BANK2   A297H     001FH     UNIT         ?PR?COSDLEFTCOLORADJ?REALTEK_OSD
            BANK2   A2B6H     001FH     UNIT         ?PR?COSDRIGHTCOLORTEMP?REALTEK_OSD
            BANK2   A2D5H     001FH     UNIT         ?PR?COSDLEFTCLOCK?REALTEK_OSD
            BANK2   A2F4H     001FH     UNIT         ?PR?COSDRIGHTCLOCK?REALTEK_OSD
            BANK2   A313H     001FH     UNIT         ?PR?COSDLEFTPHASE?REALTEK_OSD
            BANK2   A332H     001FH     UNIT         ?PR?COSDLEFTSHARPNESS?REALTEK_OSD
            BANK2   A351H     001FH     UNIT         ?PR?COSDRIGHTSHARPNESS?REALTEK_OSD
            BANK2   A370H     001FH     UNIT         ?PR?COSDRIGHTHPOSITION?REALTEK_OSD
            BANK2   A38FH     001FH     UNIT         ?PR?COSDLEFTOSDHPOS?REALTEK_OSD
            BANK2   A3AEH     001FH     UNIT         ?PR?COSDLEFTOSDVPOS?REALTEK_OSD
            BANK2   A3CDH     001FH     UNIT         ?PR?COSDLEFTOSDTIME?REALTEK_OSD
            BANK2   A3ECH     001FH     UNIT         ?PR?COSDRIGHTOSDTIME?REALTEK_OSD
            BANK2   A40BH     001FH     UNIT         ?PR?COSDRIGHTLANGUAGE?REALTEK_OSD
            BANK2   A42AH     001FH     UNIT         ?PR?COSDRIGHTSUBCHI?REALTEK_OSD
            BANK2   A449H     001FH     UNIT         ?PR?COSDLEFTSINGALVGA?REALTEK_OSD
            BANK2   A468H     001FH     UNIT         ?PR?COSDRIGHTSINGALVGA?REALTEK_OSD
            BANK2   A487H     001FH     UNIT         ?PR?COSDLEFTRGBYUV?REALTEK_OSD
            BANK2   A4A6H     001FH     UNIT         ?PR?COSDRIGHTRGBYUV?REALTEK_OSD
            BANK2   A4C5H     001EH     UNIT         ?PR?COSDMENUBRIGHTNESSSETTING?REALTEK_OSD
            BANK2   A4E3H     001EH     UNIT         ?PR?COSDMENUCONTRASTSETTING?REALTEK_OSD
            BANK2   A501H     001EH     UNIT         ?PR?COSDMENUFACTORY?REALTEK_OSD
            BANK2   A51FH     001EH     UNIT         ?PR?COSDMENUBRIGHTNESS?REALTEK_OSD
            BANK2   A53DH     001EH     UNIT         ?PR?COSDLEFTSIGNALSELECT?REALTEK_OSD
            BANK2   A55BH     001EH     UNIT         ?PR?COSDRIGHTSIGNALSELECT?REALTEK_OSD
            BANK2   A579H     001DH     UNIT         ?PR?COSDRIGHTSUBFRAN?REALTEK_OSD
            BANK2   A596H     001DH     UNIT         ?PR?COSDLEFTSUBJAP?REALTEK_OSD
            BANK2   A5B3H     001CH     UNIT         ?PR?COSDRIGHTBRIGHTNESSSETTING?REALTEK_OSD
            BANK2   A5CFH     001CH     UNIT         ?PR?COSDEXITCONTRAST?REALTEK_OSD
            BANK2   A5EBH     001CH     UNIT         ?PR?COSDEXITCLOCK?REALTEK_OSD
            BANK2   A607H     001CH     UNIT         ?PR?COSDEXITOSDHPOS?REALTEK_OSD
            BANK2   A623H     001CH     UNIT         ?PR?COSDLEFTSUBENG?REALTEK_OSD
            BANK2   A63FH     001CH     UNIT         ?PR?COSDLEFTSUBFRAN?REALTEK_OSD
BL51 BANKED LINKER/LOCATER V6.00                                                      03/12/2012  10:02:08  PAGE 16


            BANK2   A65BH     001CH     UNIT         ?PR?COSDLEFTSUBDEUT?REALTEK_OSD
            BANK2   A677H     001CH     UNIT         ?PR?COSDRIGHTSUBDEUT?REALTEK_OSD
            BANK2   A693H     001CH     UNIT         ?PR?COSDRIGHTSUBESPA?REALTEK_OSD
            BANK2   A6AFH     001BH     UNIT         ?PR?COSDLEFTSUBTEMPCOLOR9300?REALTEK_OSD
            BANK2   A6CAH     001BH     UNIT         ?PR?COSDRIGHTSUBTEMPCOLOR9300?REALTEK_OSD
            BANK2   A6E5H     001BH     UNIT         ?PR?COSDLEFTSUBTEMPCOLOR6500?REALTEK_OSD
            BANK2   A700H     001BH     UNIT         ?PR?COSDLEFTSUBTEMPCOLOR5800?REALTEK_OSD
            BANK2   A71BH     001BH     UNIT         ?PR?COSDRIGHTSUBTEMPCOLOR5800?REALTEK_OSD
            BANK2   A736H     001BH     UNIT         ?PR?COSDLEFTSUBTEMPSRGB?REALTEK_OSD
            BANK2   A751H     001BH     UNIT         ?PR?COSDRIGHTSUBTEMPSRGB?REALTEK_OSD
            BANK2   A76CH     001BH     UNIT         ?PR?COSDRIGHTSUBTEMPUSER?REALTEK_OSD
            BANK2   A787H     001BH     UNIT         ?PR?COSDRIGHTPHASE?REALTEK_OSD
            BANK2   A7A2H     001BH     UNIT         ?PR?COSDLEFTVPOSITION?REALTEK_OSD
            BANK2   A7BDH     001BH     UNIT         ?PR?COSDRIGHTOSDVPOS?REALTEK_OSD
            BANK2   A7D8H     001BH     UNIT         ?PR?COSDMENUOSDTIME?REALTEK_OSD
            BANK2   A7F3H     001BH     UNIT         ?PR?COSDLEFTLANGUAGE?REALTEK_OSD
            BANK2   A80EH     001BH     UNIT         ?PR?COSDRIGHTSUBENG?REALTEK_OSD
            BANK2   A829H     001BH     UNIT         ?PR?COSDLEFTSUBESPA?REALTEK_OSD
            BANK2   A844H     001BH     UNIT         ?PR?COSDLEFTSUBCHI?REALTEK_OSD
            BANK2   A85FH     001BH     UNIT         ?PR?COSDLEFTSUBSIMPLECHI?REALTEK_OSD
            BANK2   A87AH     001BH     UNIT         ?PR?COSDRIGHTSUBSIMPLECHI?REALTEK_OSD
            BANK2   A895H     001BH     UNIT         ?PR?COSDMENUSUBJAP?REALTEK_OSD
            BANK2   A8B0H     001BH     UNIT         ?PR?COSDRIGHTSUBJAP?REALTEK_OSD
            BANK2   A8CBH     001BH     UNIT         ?PR?COSDLEFTSINGALDVI?REALTEK_OSD
            BANK2   A8E6H     001BH     UNIT         ?PR?COSDLEFTSINGALHDMI?REALTEK_OSD
            BANK2   A901H     001BH     UNIT         ?PR?COSDRIGHTSINGALHDMI?REALTEK_OSD
            BANK2   A91CH     001BH     UNIT         ?PR?COSDLEFTSINGALDISPLAYPORT?REALTEK_OSD
            BANK2   A937H     001BH     UNIT         ?PR?COSDRIGHTSINGALDISPLAYPORT?REALTEK_OSD
            BANK2   A952H     001BH     UNIT         ?PR?COSDRIGHTSINGALAUTOSEARCH?REALTEK_OSD
            BANK2   A96DH     001AH     UNIT         ?PR?COSDLEFTADJR?REALTEK_OSD
            BANK2   A987H     001AH     UNIT         ?PR?COSDRIGHTADJR?REALTEK_OSD
            BANK2   A9A1H     001AH     UNIT         ?PR?_COSDFXCLOSEWINDOW?REALTEK_OSDFUNC
            BANK2   A9BBH     0019H     UNIT         ?PR?COSDRIGHTSUBTEMPCOLOR6500?REALTEK_OSD
            BANK2   A9D4H     0019H     UNIT         ?PR?COSDLEFTSUBTEMPUSER?REALTEK_OSD
            BANK2   A9EDH     0019H     UNIT         ?PR?COSDLEFTSUBSHARPNESS1?REALTEK_OSD
            BANK2   AA06H     0019H     UNIT         ?PR?COSDLEFTSUBSHARPNESS2?REALTEK_OSD
            BANK2   AA1FH     0019H     UNIT         ?PR?COSDRIGHTSUBSHARPNESS2?REALTEK_OSD
            BANK2   AA38H     0019H     UNIT         ?PR?COSDRIGHTSUBSHARPNESS4?REALTEK_OSD
            BANK2   AA51H     0019H     UNIT         ?PR?COSDLEFTFOFFSETRADJ?REALTEK_OSD
            BANK2   AA6AH     0019H     UNIT         ?PR?COSDRIGHTFOFFSETRADJ?REALTEK_OSD
            BANK2   AA83H     0019H     UNIT         ?PR?COSDLEFTFOFFSETGADJ?REALTEK_OSD
            BANK2   AA9CH     0019H     UNIT         ?PR?COSDRIGHTFOFFSETGADJ?REALTEK_OSD
            BANK2   AAB5H     0019H     UNIT         ?PR?COSDLEFTFOFFSETBADJ?REALTEK_OSD
            BANK2   AACEH     0019H     UNIT         ?PR?COSDRIGHTFOFFSETBADJ?REALTEK_OSD
            BANK2   AAE7H     0019H     UNIT         ?PR?COSDLEFTFGAINRADJ?REALTEK_OSD
            BANK2   AB00H     0019H     UNIT         ?PR?COSDRIGHTFGAINRADJ?REALTEK_OSD
            BANK2   AB19H     0019H     UNIT         ?PR?COSDLEFTFGAINGADJ?REALTEK_OSD
            BANK2   AB32H     0019H     UNIT         ?PR?COSDRIGHTFGAINGADJ?REALTEK_OSD
            BANK2   AB4BH     0019H     UNIT         ?PR?COSDLEFTFGAINBADJ?REALTEK_OSD
            BANK2   AB64H     0019H     UNIT         ?PR?COSDRIGHTFGAINBADJ?REALTEK_OSD
            BANK2   AB7DH     0018H     UNIT         ?PR?COSDMENUADJB?REALTEK_OSD
            BANK2   AB95H     0018H     UNIT         ?PR?COSDRIGHTSUBSHARPNESS1?REALTEK_OSD
            BANK2   ABADH     0018H     UNIT         ?PR?COSDEXITASPECTRATIO?REALTEK_OSD
            BANK2   ABC5H     0018H     UNIT         ?PR?COSDEXITRGBYUV?REALTEK_OSD
            BANK2   ABDDH     0018H     UNIT         ?PR?COSDMENUFBRIGHTADJ?REALTEK_OSD
            BANK2   ABF5H     0018H     UNIT         ?PR?_COSDFXDISABLEWINDOW?REALTEK_OSDFUNC
            BANK2   AC0DH     0017H     UNIT         ?PR?COSDMENUSUBTEMPSRGB?REALTEK_OSD
BL51 BANKED LINKER/LOCATER V6.00                                                      03/12/2012  10:02:08  PAGE 17


            BANK2   AC24H     0017H     UNIT         ?PR?COSDMENUSUBTEMPUSER?REALTEK_OSD
            BANK2   AC3BH     0017H     UNIT         ?PR?COSDMENUSUBCHI?REALTEK_OSD
            BANK2   AC52H     0017H     UNIT         ?PR?COSDMENUSUBSIMPLECHI?REALTEK_OSD
            BANK2   AC69H     0016H     UNIT         ?PR?COSDMENUCONTRAST?REALTEK_OSD
            BANK2   AC7FH     0016H     UNIT         ?PR?COSDMENUSUBTEMPCOLOR9300?REALTEK_OSD
            BANK2   AC95H     0016H     UNIT         ?PR?COSDMENUSUBTEMPCOLOR6500?REALTEK_OSD
            BANK2   ACABH     0016H     UNIT         ?PR?COSDMENUSUBTEMPCOLOR5800?REALTEK_OSD
            BANK2   ACC1H     0016H     UNIT         ?PR?COSDLEFTSUBSHARPNESS0?REALTEK_OSD
            BANK2   ACD7H     0016H     UNIT         ?PR?COSDLEFTSUBSHARPNESS3?REALTEK_OSD
            BANK2   ACEDH     0016H     UNIT         ?PR?COSDRIGHTSUBSHARPNESS3?REALTEK_OSD
            BANK2   AD03H     0016H     UNIT         ?PR?COSDDISPOSDTIMEREVENT?REALTEK_OSDDISP
            BANK2   AD19H     0015H     UNIT         ?PR?COSDMENUSUBCOLORADJG?REALTEK_OSD
            BANK2   AD2EH     0015H     UNIT         ?PR?COSDMENUSUBCOLORADJB?REALTEK_OSD
            BANK2   AD43H     0015H     UNIT         ?PR?COSDMENUSUBCLOCK?REALTEK_OSD
            BANK2   AD58H     0015H     UNIT         ?PR?COSDMENUSUBPHASE?REALTEK_OSD
            BANK2   AD6DH     0015H     UNIT         ?PR?COSDMENUOSDVPOS?REALTEK_OSD
            BANK2   AD82H     0015H     UNIT         ?PR?COSDMENUSINGALAUTOSEARCH?REALTEK_OSD
            BANK2   AD97H     0014H     UNIT         ?PR?COSDMENUSUBHPOSITION?REALTEK_OSD
            BANK2   ADABH     0014H     UNIT         ?PR?COSDMENUSUBVPOSITION?REALTEK_OSD
            BANK2   ADBFH     0013H     UNIT         ?PR?COSDLEFTCONTRAST?REALTEK_OSD
            BANK2   ADD2H     0013H     UNIT         ?PR?COSDRIGHTBRIGHTNESS?REALTEK_OSD
            BANK2   ADE5H     0013H     UNIT         ?PR?COSDRIGHTCOLORADJ?REALTEK_OSD
            BANK2   ADF8H     0013H     UNIT         ?PR?COSDLEFTCOLORTEMP?REALTEK_OSD
            BANK2   AE0BH     0013H     UNIT         ?PR?COSDMENUSINGALVGA?REALTEK_OSD
            BANK2   AE1EH     0013H     UNIT         ?PR?COSDRIGHTSINGALDVI?REALTEK_OSD
            BANK2   AE31H     0013H     UNIT         ?PR?COSDLEFTSINGALAUTOSEARCH?REALTEK_OSD
            BANK2   AE44H     0013H     UNIT         ?PR?COSDDISPFIRSTTIMELOADFONT?REALTEK_OSDDISP
            BANK2   AE57H     0012H     UNIT         ?PR?COSDMENUSUBCOLORADJR?REALTEK_OSD
            BANK2   AE69H     0012H     UNIT         ?PR?COSDMENUFBRIGHT?REALTEK_OSD
            BANK2   AE7BH     0011H     UNIT         ?PR?COSDMENUSUBSHARPNESS0?REALTEK_OSD
            BANK2   AE8CH     0011H     UNIT         ?PR?COSDMENUSUBOSDHPOS?REALTEK_OSD
            BANK2   AE9DH     0011H     UNIT         ?PR?COSDMENUSUBOSDVPOS?REALTEK_OSD
            BANK2   AEAEH     0011H     UNIT         ?PR?COSDMENUSUBOSDTIME?REALTEK_OSD
            BANK2   AEBFH     0011H     UNIT         ?PR?COSDMENUSUBFRAN?REALTEK_OSD
            BANK2   AED0H     0011H     UNIT         ?PR?COSDMENUSUBDEUT?REALTEK_OSD
            BANK2   AEE1H     0011H     UNIT         ?PR?COSDMENUSUBESPA?REALTEK_OSD
            BANK2   AEF2H     0011H     UNIT         ?PR?COSDMENUSINGALDVI?REALTEK_OSD
            BANK2   AF03H     0011H     UNIT         ?PR?COSDMENUFOFFSETGADJ?REALTEK_OSD
            BANK2   AF14H     0011H     UNIT         ?PR?COSDMENUFOFFSETBADJ?REALTEK_OSD
            BANK2   AF25H     0011H     UNIT         ?PR?COSDMENUFGAINR?REALTEK_OSD
            BANK2   AF36H     0011H     UNIT         ?PR?COSDMENUFGAINGADJ?REALTEK_OSD
            BANK2   AF47H     0011H     UNIT         ?PR?COSDMENUFGAINBADJ?REALTEK_OSD
            BANK2   AF58H     0010H     UNIT         ?PR?COSDEXITSUBCOLORADJR?REALTEK_OSD
            BANK2   AF68H     0010H     UNIT         ?PR?COSDMENUADJR?REALTEK_OSD
            BANK2   AF78H     0010H     UNIT         ?PR?COSDMENUADJG?REALTEK_OSD
            BANK2   AF88H     0010H     UNIT         ?PR?COSDEXITSINGALDVI?REALTEK_OSD
            BANK2   AF98H     0010H     UNIT         ?PR?COSDEXITSINGALHDMI?REALTEK_OSD
            BANK2   AFA8H     0010H     UNIT         ?PR?COSDEXITSINGALDISPLAYPORT?REALTEK_OSD
            BANK2   AFB8H     0010H     UNIT         ?PR?COSDEXITSINGALAUTOSEARCH?REALTEK_OSD
            BANK2   AFC8H     0010H     UNIT         ?PR?COSDLEFTFCOLOR9300?REALTEK_OSD
            BANK2   AFD8H     0010H     UNIT         ?PR?COSDLEFTFCOLOR6500?REALTEK_OSD
            BANK2   AFE8H     0010H     UNIT         ?PR?COSDLEFTFCOLOR5800?REALTEK_OSD
            BANK2   AFF8H     0010H     UNIT         ?PR?COSDRIGHTFCOLOR5800?REALTEK_OSD
            BANK2   B008H     0010H     UNIT         ?PR?COSDLEFTFSRGB?REALTEK_OSD
            BANK2   B018H     0010H     UNIT         ?PR?COSDRIGHTFSRGB?REALTEK_OSD
            BANK2   B028H     0010H     UNIT         ?PR?COSDRIGHTFUSER?REALTEK_OSD
            BANK2   B038H     0010H     UNIT         ?PR?COSDRIGHTFBRIGHT?REALTEK_OSD
BL51 BANKED LINKER/LOCATER V6.00                                                      03/12/2012  10:02:08  PAGE 18


            BANK2   B048H     000FH     UNIT         ?PR?COSDLEFTSUBCOLORADJR?REALTEK_OSD
            BANK2   B057H     000FH     UNIT         ?PR?COSDRIGHTSUBCOLORADJR?REALTEK_OSD
            BANK2   B066H     000FH     UNIT         ?PR?COSDLEFTSUBCOLORADJG?REALTEK_OSD
            BANK2   B075H     000FH     UNIT         ?PR?COSDRIGHTSUBCOLORADJB?REALTEK_OSD
            BANK2   B084H     000EH     UNIT         ?PR?COSDMENUSIGNALSOURCE?REALTEK_OSD
            BANK2   B092H     000EH     UNIT         ?PR?COSDMENUAUTOADJUST?REALTEK_OSD
            BANK2   B0A0H     000EH     UNIT         ?PR?COSDMENUSINGALDISPLAYPORT?REALTEK_OSD
            BANK2   B0AEH     000EH     UNIT         ?PR?COSDMENUFOFFSETRADJ?REALTEK_OSD
            BANK2   B0BCH     000EH     UNIT         ?PR?COSDLEFTFGAIN?REALTEK_OSD
            BANK2   B0CAH     000EH     UNIT         ?PR?COSDMENUFGAINRADJ?REALTEK_OSD
            BANK2   B0D8H     000EH     UNIT         ?PR?COSDRIGHTFCOLOR6500?REALTEK_OSD
            BANK2   B0E6H     000EH     UNIT         ?PR?COSDFXENABLEOSD?REALTEK_OSDFUNC
            BANK2   B0F4H     000EH     UNIT         ?PR?COSDFXDISABLEOSD?REALTEK_OSDFUNC
            BANK2   B102H     000DH     UNIT         ?PR?COSDMENUSUBBRIGHTNESS?REALTEK_OSD
            BANK2   B10FH     000DH     UNIT         ?PR?COSDMENUSINGALHDMI?REALTEK_OSD
            BANK2   B11CH     000DH     UNIT         ?PR?COSDRIGHTFCOLOR9300?REALTEK_OSD
            BANK2   B129H     000DH     UNIT         ?PR?COSDLEFTFUSER?REALTEK_OSD
            BANK2   B136H     000CH     UNIT         ?PR?COSDLEFTSUBFACRESET?REALTEK_OSD
            BANK2   B142H     000CH     UNIT         ?PR?COSDMENUFOFFSETR?REALTEK_OSD
            BANK2   B14EH     000CH     UNIT         ?PR?COSDLEFTFOFFSETR?REALTEK_OSD
            BANK2   B15AH     000CH     UNIT         ?PR?COSDRIGHTFOFFSETR?REALTEK_OSD
            BANK2   B166H     000CH     UNIT         ?PR?COSDMENUFOFFSETG?REALTEK_OSD
            BANK2   B172H     000CH     UNIT         ?PR?COSDLEFTFOFFSETG?REALTEK_OSD
            BANK2   B17EH     000CH     UNIT         ?PR?COSDMENUFOFFSETB?REALTEK_OSD
            BANK2   B18AH     000CH     UNIT         ?PR?COSDRIGHTFOFFSETB?REALTEK_OSD
            BANK2   B196H     000CH     UNIT         ?PR?COSDLEFTFGAINR?REALTEK_OSD
            BANK2   B1A2H     000CH     UNIT         ?PR?COSDRIGHTFGAINR?REALTEK_OSD
            BANK2   B1AEH     000CH     UNIT         ?PR?COSDMENUFGAING?REALTEK_OSD
            BANK2   B1BAH     000CH     UNIT         ?PR?COSDLEFTFGAING?REALTEK_OSD
            BANK2   B1C6H     000CH     UNIT         ?PR?COSDMENUFGAINB?REALTEK_OSD
            BANK2   B1D2H     000CH     UNIT         ?PR?COSDRIGHTFGAINB?REALTEK_OSD
            BANK2   B1DEH     000CH     UNIT         ?PR?COSDMENUFCOLOR9300R?REALTEK_OSD
            BANK2   B1EAH     000CH     UNIT         ?PR?COSDLEFTFCOLOR9300R?REALTEK_OSD
            BANK2   B1F6H     000CH     UNIT         ?PR?COSDRIGHTFCOLOR9300R?REALTEK_OSD
            BANK2   B202H     000CH     UNIT         ?PR?COSDMENUFCOLOR9300G?REALTEK_OSD
            BANK2   B20EH     000CH     UNIT         ?PR?COSDLEFTFCOLOR9300G?REALTEK_OSD
            BANK2   B21AH     000CH     UNIT         ?PR?COSDMENUFCOLOR9300GADJ?REALTEK_OSD
            BANK2   B226H     000CH     UNIT         ?PR?COSDMENUFCOLOR9300B?REALTEK_OSD
            BANK2   B232H     000CH     UNIT         ?PR?COSDRIGHTFCOLOR9300B?REALTEK_OSD
            BANK2   B23EH     000CH     UNIT         ?PR?COSDMENUFCOLOR9300BADJ?REALTEK_OSD
[...]


 0388H     COSDRIGHTSUBDICOM
 038EH     COSDEXITSUBDICOM
 0394H     COSDMENUSUBGAMMA
 039AH     COSDLEFTSUBGAMMA
 03A0H     COSDRIGHTSUBGAMMA
 03A6H     COSDEXITSUBGAMMA
 03ACH     COSDMENUSUBBRIGHTNESS
 03B2H     COSDEXITSUBBRIGHTNESS
 03B8H     COSDMENUSUBCONTRAST
 03BEH     COSDLEFTSUBCONTRAST
 03C4H     COSDRIGHTSUBCONTRAST
 03CAH     COSDEXITSUBCONTRAST
 03D0H     COSDMENUSIGNALSELECT
 03D6H     COSDLEFTSIGNALSELECT
 03DCH     COSDRIGHTSIGNALSELECT
 03E2H     COSDEXITSIGNALSELECT
 03E8H     COSDMENUSUBAUTOADJUST
 03EEH     COSDLEFTSUBAUTOADJUST
 03F4H     COSDRIGHTSUBAUTOADJUST
 03FAH     COSDEXITSUBAUTOADJUST
 0400H     COSDMENUSUBFACRESET
 0406H     COSDLEFTSUBFACRESET
 040CH     COSDRIGHTSUBFACRESET
 0412H     COSDEXITSUBFACRESET
 0418H     COSDMENUCOLORADJ
 041EH     COSDLEFTCOLORADJ
 0424H     COSDRIGHTCOLORADJ
 042AH     COSDEXITCOLORADJ
 0430H     COSDMENUSUBCOLORADJR
 0436H     COSDLEFTSUBCOLORADJR
 043CH     COSDRIGHTSUBCOLORADJR
 0442H     COSDEXITSUBCOLORADJR
 0448H     COSDMENUSUBCOLORADJG
 044EH     COSDLEFTSUBCOLORADJG
 0454H     COSDRIGHTSUBCOLORADJG
 045AH     COSDEXITSUBCOLORADJG
 0460H     COSDMENUSUBCOLORADJB
 0466H     COSDLEFTSUBCOLORADJB
 046CH     COSDRIGHTSUBCOLORADJB
 0472H     COSDEXITSUBCOLORADJB
 0478H     COSDMENUADJR
 047EH     COSDLEFTADJR
 0484H     COSDRIGHTADJR
 048AH     COSDEXITADJR
 0490H     COSDMENUADJG
 0496H     COSDLEFTADJG
 049CH     COSDRIGHTADJG
 04A2H     COSDEXITADJG
 04A8H     COSDMENUADJB
 04AEH     COSDLEFTADJB
 04B4H     COSDRIGHTADJB
 04BAH     COSDEXITADJB
 04C0H     COSDMENUCOLORTEMP
 04C6H     COSDLEFTCOLORTEMP
 04CCH     COSDRIGHTCOLORTEMP
 04D2H     COSDEXITCOLORTEMP
 04D8H     COSDMENUSUBTEMPCOLOR9300
BL51 BANKED LINKER/LOCATER V6.00                                                      03/12/2012  10:02:08  PAGE 115


 04DEH     COSDLEFTSUBTEMPCOLOR9300
 04E4H     COSDRIGHTSUBTEMPCOLOR9300
 04EAH     COSDEXITSUBTEMPCOLOR9300
 04F0H     COSDMENUSUBTEMPCOLOR6500
 04F6H     COSDLEFTSUBTEMPCOLOR6500
 04FCH     COSDRIGHTSUBTEMPCOLOR6500
 0502H     COSDEXITSUBTEMPCOLOR6500
 0508H     COSDMENUSUBTEMPCOLOR5800
 050EH     COSDLEFTSUBTEMPCOLOR5800
 0514H     COSDRIGHTSUBTEMPCOLOR5800
 051AH     COSDEXITSUBTEMPCOLOR5800
 0520H     COSDMENUSUBTEMPSRGB
 0526H     COSDLEFTSUBTEMPSRGB
 052CH     COSDRIGHTSUBTEMPSRGB
 0532H     COSDEXITSUBTEMPSRGB
 0538H     COSDMENUSUBTEMPUSER
 053EH     COSDLEFTSUBTEMPUSER
 0544H     COSDRIGHTSUBTEMPUSER
 054AH     COSDEXITSUBTEMPUSER
 0550H     COSDMENUCLOCK
 0556H     COSDLEFTCLOCK
 055CH     COSDRIGHTCLOCK
 0562H     COSDEXITCLOCK
 0568H     COSDMENUSUBCLOCK
 056EH     COSDLEFTSUBCLOCK
 0574H     COSDRIGHTSUBCLOCK
 057AH     COSDEXITSUBCLOCK
 0580H     COSDMENUPHASE
 0586H     COSDLEFTPHASE
 058CH     COSDRIGHTPHASE
 0592H     COSDEXITPHASE
 0598H     COSDMENUSUBPHASE
 059EH     COSDLEFTSUBPHASE
 05A4H     COSDRIGHTSUBPHASE
 05AAH     COSDEXITSUBPHASE
 05B0H     COSDMENUSHARPNESS
 05B6H     COSDLEFTSHARPNESS
 05BCH     COSDRIGHTSHARPNESS
 05C2H     COSDEXITSHARPNESS
 05C8H     COSDMENUSUBSHARPNESS0
 05CEH     COSDLEFTSUBSHARPNESS0
 05D4H     COSDRIGHTSUBSHARPNESS0
 05DAH     COSDEXITSUBSHARPNESS0
 05E0H     COSDMENUSUBSHARPNESS1
 05E6H     COSDLEFTSUBSHARPNESS1
 05ECH     COSDRIGHTSUBSHARPNESS1
 05F2H     COSDEXITSUBSHARPNESS1
 05F8H     COSDMENUSUBSHARPNESS2
 05FEH     COSDLEFTSUBSHARPNESS2
 0604H     COSDRIGHTSUBSHARPNESS2
 060AH     COSDEXITSUBSHARPNESS2
 0610H     COSDMENUSUBSHARPNESS3
 0616H     COSDLEFTSUBSHARPNESS3
 061CH     COSDRIGHTSUBSHARPNESS3
 0622H     COSDEXITSUBSHARPNESS3
 0628H     COSDMENUSUBSHARPNESS4
 062EH     COSDLEFTSUBSHARPNESS4
BL51 BANKED LINKER/LOCATER V6.00                                                      03/12/2012  10:02:08  PAGE 116


 0634H     COSDRIGHTSUBSHARPNESS4
 063AH     COSDEXITSUBSHARPNESS4
 0640H     COSDMENUHPOSITION
 0646H     COSDLEFTHPOSITION
 064CH     COSDRIGHTHPOSITION
 0652H     COSDEXITHPOSITION
 0658H     COSDMENUSUBHPOSITION
 065EH     COSDLEFTSUBHPOSITION
 0664H     COSDRIGHTSUBHPOSITION
 066AH     COSDEXITSUBHPOSITION
 0670H     COSDMENUVPOSITION
 0676H     COSDLEFTVPOSITION
 067CH     COSDRIGHTVPOSITION
 0682H     COSDEXITVPOSITION
 0688H     COSDMENUSUBVPOSITION
 068EH     COSDLEFTSUBVPOSITION
 0694H     COSDRIGHTSUBVPOSITION
 069AH     COSDEXITSUBVPOSITION
 06A0H     COSDMENUOSDHPOS
 06A6H     COSDLEFTOSDHPOS
 06ACH     COSDRIGHTOSDHPOS
 06B2H     COSDEXITOSDHPOS
 06B8H     COSDMENUSUBOSDHPOS
 06BEH     COSDLEFTSUBOSDHPOS
 06C4H     COSDRIGHTSUBOSDHPOS
 06CAH     COSDEXITSUBOSDHPOS
 06D0H     COSDMENUOSDVPOS
 06D6H     COSDLEFTOSDVPOS
 06DCH     COSDRIGHTOSDVPOS
 06E2H     COSDEXITOSDVPOS
 06E8H     COSDMENUSUBOSDVPOS
 06EEH     COSDLEFTSUBOSDVPOS
 06F4H     COSDRIGHTSUBOSDVPOS
 06FAH     COSDEXITSUBOSDVPOS
 0700H     COSDMENUOSDTIME
 0706H     COSDLEFTOSDTIME
 070CH     COSDRIGHTOSDTIME
 0712H     COSDEXITOSDTIME
 0718H     COSDMENUSUBOSDTIME
 071EH     COSDLEFTSUBOSDTIME
 0724H     COSDRIGHTSUBOSDTIME
 072AH     COSDEXITSUBOSDTIME
 0730H     COSDMENULANGUAGE
 0736H     COSDLEFTLANGUAGE
 073CH     COSDRIGHTLANGUAGE
 0742H     COSDEXITLANGUAGE
 0748H     COSDMENUSUBENG
 074EH     COSDLEFTSUBENG
 0754H     COSDRIGHTSUBENG
 075AH     COSDEXITSUBENG
 0760H     COSDMENUSUBFRAN
 0766H     COSDLEFTSUBFRAN
 076CH     COSDRIGHTSUBFRAN
 0772H     COSDEXITSUBFRAN
 0778H     COSDMENUSUBDEUT
 077EH     COSDLEFTSUBDEUT
 0784H     COSDRIGHTSUBDEUT
BL51 BANKED LINKER/LOCATER V6.00                                                      03/12/2012  10:02:08  PAGE 117


 078AH     COSDEXITSUBDEUT
 0790H     COSDMENUSUBESPA
 0796H     COSDLEFTSUBESPA
 079CH     COSDRIGHTSUBESPA
 07A2H     COSDEXITSUBESPA
 07A8H     COSDMENUSUBCHI
 07AEH     COSDLEFTSUBCHI
 07B4H     COSDRIGHTSUBCHI
 07BAH     COSDEXITSUBCHI
 07C0H     COSDMENUSUBSIMPLECHI
 07C6H     COSDLEFTSUBSIMPLECHI
 07CCH     COSDRIGHTSUBSIMPLECHI
 07D2H     COSDEXITSUBSIMPLECHI
 07D8H     COSDMENUSUBJAP
 07DEH     COSDLEFTSUBJAP
 07E4H     COSDRIGHTSUBJAP
 07EAH     COSDEXITSUBJAP
 07F0H     COSDLEFTSINGALVGA
 07F6H     COSDRIGHTSINGALVGA
 07FCH     COSDEXITSINGALVGA
 0802H     COSDLEFTSINGALDVI
 0808H     COSDRIGHTSINGALDVI
 080EH     COSDEXITSINGALDVI
 0814H     COSDMENUSINGALHDMI
 081AH     COSDLEFTSINGALHDMI
 0820H     COSDRIGHTSINGALHDMI
 0826H     COSDEXITSINGALHDMI
 082CH     COSDMENUSINGALDISPLAYPORT
 0832H     COSDLEFTSINGALDISPLAYPORT
 0838H     COSDRIGHTSINGALDISPLAYPORT
 083EH     COSDEXITSINGALDISPLAYPORT
 0844H     COSDMENUSINGALAUTOSEARCH
 084AH     COSDLEFTSINGALAUTOSEARCH
 0850H     COSDRIGHTSINGALAUTOSEARCH
 0856H     COSDEXITSINGALAUTOSEARCH
 085CH     COSDMENUASPECTRATIO
 0862H     COSDLEFTASPECTRATIO
 0868H     COSDRIGHTASPECTRATIO
 086EH     COSDEXITASPECTRATIO
 0874H     COSDMENURGBYUV
 087AH     COSDLEFTRGBYUV
 0880H     COSDRIGHTRGBYUV
 0886H     COSDEXITRGBYUV
 088CH     COSDMENUSUBRGB
 0892H     COSDLEFTSUBRGB
 0898H     COSDRIGHTSUBRGB
 089EH     COSDEXITSUBRGB
 08A4H     COSDMENUSUBYUV
 08AAH     COSDLEFTSUBYUV
 08B0H     COSDRIGHTSUBYUV
 08B6H     COSDEXITSUBYUV
 08BCH     COSDMENUFAUTOCOLOR
 08C2H     COSDLEFTFAUTOCOLOR
 08C8H     COSDRIGHTFAUTOCOLOR
 08CEH     COSDEXITFAUTOCOLOR
 08D4H     COSDMENUFRESET
 08DAH     COSDLEFTFRESET
BL51 BANKED LINKER/LOCATER V6.00                                                      03/12/2012  10:02:08  PAGE 118


 08E0H     COSDRIGHTFRESET
 08E6H     COSDEXITFRESET
 08ECH     COSDMENUFOFFSET
 08F2H     COSDLEFTFOFFSET
 08F8H     COSDRIGHTFOFFSET
 08FEH     COSDEXITFOFFSET
 0904H     COSDMENUFOFFSETR
 090AH     COSDLEFTFOFFSETR
 0910H     COSDRIGHTFOFFSETR
 0916H     COSDEXITFOFFSETR
 091CH     COSDMENUFOFFSETRADJ
 0922H     COSDLEFTFOFFSETRADJ
 0928H     COSDRIGHTFOFFSETRADJ
 092EH     COSDEXITFOFFSETRADJ
 0934H     COSDMENUFOFFSETG
 093AH     COSDLEFTFOFFSETG
 0940H     COSDRIGHTFOFFSETG
 0946H     COSDEXITFOFFSETG
 094CH     COSDMENUFOFFSETGADJ
 0952H     COSDLEFTFOFFSETGADJ
 0958H     COSDRIGHTFOFFSETGADJ
 095EH     COSDEXITFOFFSETGADJ
 0964H     COSDMENUFOFFSETB
 096AH     COSDLEFTFOFFSETB
 0970H     COSDRIGHTFOFFSETB
 0976H     COSDEXITFOFFSETB
 097CH     COSDMENUFOFFSETBADJ
 0982H     COSDLEFTFOFFSETBADJ
 0988H     COSDRIGHTFOFFSETBADJ
 098EH     COSDEXITFOFFSETBADJ
 0994H     COSDMENUFGAIN
 099AH     COSDLEFTFGAIN
 09A0H     COSDRIGHTFGAIN
 09A6H     COSDEXITFGAIN
 09ACH     COSDMENUFGAINR
 09B2H     COSDLEFTFGAINR
 09B8H     COSDRIGHTFGAINR
 09BEH     COSDEXITFGAINR
 09C4H     COSDMENUFGAINRADJ
 09CAH     COSDLEFTFGAINRADJ
 09D0H     COSDRIGHTFGAINRADJ
 09D6H     COSDEXITFGAINRADJ
 09DCH     COSDMENUFGAING
 09E2H     COSDLEFTFGAING
 09E8H     COSDRIGHTFGAING
 09EEH     COSDEXITFGAING
 09F4H     COSDMENUFGAINGADJ
 09FAH     COSDLEFTFGAINGADJ
 0A00H     COSDRIGHTFGAINGADJ
 0A06H     COSDEXITFGAINGADJ
 0A0CH     COSDMENUFGAINB
 0A12H     COSDLEFTFGAINB
 0A18H     COSDRIGHTFGAINB
 0A1EH     COSDEXITFGAINB
 0A24H     COSDMENUFGAINBADJ
 0A2AH     COSDLEFTFGAINBADJ
 0A30H     COSDRIGHTFGAINBADJ
BL51 BANKED LINKER/LOCATER V6.00                                                      03/12/2012  10:02:08  PAGE 119


 0A36H     COSDEXITFGAINBADJ
 0A3CH     COSDMENUFCOLOR9300
 0A42H     COSDLEFTFCOLOR9300
 0A48H     COSDRIGHTFCOLOR9300
 0A4EH     COSDEXITFCOLOR9300
 0A54H     COSDMENUFCOLOR9300R
 0A5AH     COSDLEFTFCOLOR9300R
 0A60H     COSDRIGHTFCOLOR9300R
 0A66H     COSDEXITFCOLOR9300R
 0A6CH     COSDMENUFCOLOR9300RADJ
 0A72H     COSDLEFTFCOLOR9300RADJ
 0A78H     COSDRIGHTFCOLOR9300RADJ
 0A7EH     COSDEXITFCOLOR9300RADJ
 0A84H     COSDMENUFCOLOR9300G
 0A8AH     COSDLEFTFCOLOR9300G
 0A90H     COSDRIGHTFCOLOR9300G
 0A96H     COSDEXITFCOLOR9300G
 0A9CH     COSDMENUFCOLOR9300GADJ
 0AA2H     COSDLEFTFCOLOR9300GADJ
 0AA8H     COSDRIGHTFCOLOR9300GADJ
 0AAEH     COSDEXITFCOLOR9300GADJ
 0AB4H     COSDMENUFCOLOR9300B
 0ABAH     COSDLEFTFCOLOR9300B
 0AC0H     COSDRIGHTFCOLOR9300B
 0AC6H     COSDEXITFCOLOR9300B
 0ACCH     COSDMENUFCOLOR9300BADJ
 0AD2H     COSDLEFTFCOLOR9300BADJ
 0AD8H     COSDRIGHTFCOLOR9300BADJ
 0ADEH     COSDEXITFCOLOR9300BADJ
 0AE4H     COSDMENUFCOLOR6500
 0AEAH     COSDLEFTFCOLOR6500
 0AF0H     COSDRIGHTFCOLOR6500
 0AF6H     COSDEXITFCOLOR6500
 0AFCH     COSDMENUFCOLOR6500R
 0B02H     COSDLEFTFCOLOR6500R
 0B08H     COSDRIGHTFCOLOR6500R
 0B0EH     COSDEXITFCOLOR6500R
 0B14H     COSDMENUFCOLOR6500RADJ
 0B1AH     COSDLEFTFCOLOR6500RADJ
 0B20H     COSDRIGHTFCOLOR6500RADJ
 0B26H     COSDEXITFCOLOR6500RADJ
 0B2CH     COSDMENUFCOLOR6500G
 0B32H     COSDLEFTFCOLOR6500G
 0B38H     COSDRIGHTFCOLOR6500G
 0B3EH     COSDEXITFCOLOR6500G
 0B44H     COSDMENUFCOLOR6500GADJ
 0B4AH     COSDLEFTFCOLOR6500GADJ
 0B50H     COSDRIGHTFCOLOR6500GADJ
 0B56H     COSDEXITFCOLOR6500GADJ
 0B5CH     COSDMENUFCOLOR6500B
 0B62H     COSDLEFTFCOLOR6500B
 0B68H     COSDRIGHTFCOLOR6500B
 0B6EH     COSDEXITFCOLOR6500B
 0B74H     COSDMENUFCOLOR6500BADJ
 0B7AH     COSDLEFTFCOLOR6500BADJ
 0B80H     COSDRIGHTFCOLOR6500BADJ
 0B86H     COSDEXITFCOLOR6500BADJ
BL51 BANKED LINKER/LOCATER V6.00                                                      03/12/2012  10:02:08  PAGE 120


 0B8CH     COSDMENUFCOLOR5800
 0B92H     COSDLEFTFCOLOR5800
 0B98H     COSDRIGHTFCOLOR5800
 0B9EH     COSDEXITFCOLOR5800
 0BA4H     COSDMENUFCOLOR5800R
 0BAAH     COSDLEFTFCOLOR5800R
 0BB0H     COSDRIGHTFCOLOR5800R
 0BB6H     COSDEXITFCOLOR5800R
 0BBCH     COSDMENUFCOLOR5800RADJ
 0BC2H     COSDLEFTFCOLOR5800RADJ
 0BC8H     COSDRIGHTFCOLOR5800RADJ
 0BCEH     COSDEXITFCOLOR5800RADJ
 0BD4H     COSDMENUFCOLOR5800G
 0BDAH     COSDLEFTFCOLOR5800G
 0BE0H     COSDRIGHTFCOLOR5800G
 0BE6H     COSDEXITFCOLOR5800G
 0BECH     COSDMENUFCOLOR5800GADJ
 0BF2H     COSDLEFTFCOLOR5800GADJ
 0BF8H     COSDRIGHTFCOLOR5800GADJ
 0BFEH     COSDEXITFCOLOR5800GADJ
 0C04H     COSDMENUFCOLOR5800B
 0C0AH     COSDLEFTFCOLOR5800B
 0C10H     COSDRIGHTFCOLOR5800B
 0C16H     COSDEXITFCOLOR5800B
 0C1CH     COSDMENUFCOLOR5800BADJ
 0C22H     COSDLEFTFCOLOR5800BADJ
 0C28H     COSDRIGHTFCOLOR5800BADJ
 0C2EH     COSDEXITFCOLOR5800BADJ
 0C34H     COSDMENUFSRGB
 0C3AH     COSDLEFTFSRGB
 0C40H     COSDRIGHTFSRGB
 0C46H     COSDEXITFSRGB
 0C4CH     COSDMENUFSRGBR
 0C52H     COSDLEFTFSRGBR
 0C58H     COSDRIGHTFSRGBR
 0C5EH     COSDEXITFSRGBR
 0C64H     COSDMENUFSRGBRADJ
 0C6AH     COSDLEFTFSRGBRADJ
 0C70H     COSDRIGHTFSRGBRADJ
 0C76H     COSDEXITFSRGBRADJ
 0C7CH     COSDMENUFSRGBG
 0C82H     COSDLEFTFSRGBG
 0C88H     COSDRIGHTFSRGBG
 0C8EH     COSDEXITFSRGBG
 0C94H     COSDMENUFSRGBGADJ
 0C9AH     COSDLEFTFSRGBGADJ
 0CA0H     COSDRIGHTFSRGBGADJ
 0CA6H     COSDEXITFSRGBGADJ
 0CACH     COSDMENUFSRGBB
 0CB2H     COSDLEFTFSRGBB
 0CB8H     COSDRIGHTFSRGBB
 0CBEH     COSDEXITFSRGBB
 0CC4H     COSDMENUFSRGBBADJ
 0CCAH     COSDLEFTFSRGBBADJ
 0CD0H     COSDRIGHTFSRGBBADJ
 0CD6H     COSDEXITFSRGBBADJ
 0CDCH     COSDMENUFUSER
BL51 BANKED LINKER/LOCATER V6.00                                                      03/12/2012  10:02:08  PAGE 121


 0CE2H     COSDLEFTFUSER
 0CE8H     COSDRIGHTFUSER
 0CEEH     COSDEXITFUSER
 0CF4H     COSDMENUFUSERR
 0CFAH     COSDLEFTFUSERR
 0D00H     COSDRIGHTFUSERR
 0D06H     COSDEXITFUSERR
 0D0CH     COSDMENUFUSERRADJ
 0D12H     COSDLEFTFUSERRADJ
 0D18H     COSDRIGHTFUSERRADJ
 0D1EH     COSDEXITFUSERRADJ
 0D24H     COSDMENUFUSERG
 0D2AH     COSDLEFTFUSERG
 0D30H     COSDRIGHTFUSERG
 0D36H     COSDEXITFUSERG
 0D3CH     COSDMENUFUSERGADJ
 0D42H     COSDLEFTFUSERGADJ
 0D48H     COSDRIGHTFUSERGADJ
 0D4EH     COSDEXITFUSERGADJ
 0D54H     COSDMENUFUSERB
 0D5AH     COSDLEFTFUSERB
 0D60H     COSDRIGHTFUSERB
 0D66H     COSDEXITFUSERB
 0D6CH     COSDMENUFUSERBADJ
 0D72H     COSDLEFTFUSERBADJ
 0D78H     COSDRIGHTFUSERBADJ
 0D7EH     COSDEXITFUSERBADJ
 0D84H     COSDMENUFBRIGHT
 0D8AH     COSDLEFTFBRIGHT
 0D90H     COSDRIGHTFBRIGHT
 0D96H     COSDEXITFBRIGHT
 0D9CH     COSDMENUFBRIGHTADJ
 0DA2H     COSDLEFTFBRIGHTADJ
 0DA8H     COSDRIGHTFBRIGHTADJ
 0DAEH     COSDEXITFBRIGHTADJ
 0DB4H     COSDMENUFAUTOCONFIG
 0DBAH     COSDLEFTFAUTOCONFIG
 0DC0H     COSDRIGHTFAUTOCONFIG
 0DC6H     COSDEXITFAUTOCONFIG
 0DCCH     COSDMENUFEXIT
 0DD2H     COSDLEFTFEXIT
 0DD8H     COSDRIGHTFEXIT
 0DDEH     COSDEXITFEXIT
 0DE4H     MAIN
 0DEAH     UCAVOIDWARNING



SYMBOL TABLE OF MODULE:  .\Output\RTD2482D_Demo_Board (DCR_TYPE_1)

  VALUE           TYPE          NAME
  ----------------------------------

  -------         MODULE        ?C?COPY
  C:0EC0H         PUBLIC        ?C?COPY
  -------         ENDMOD        ?C?COPY

BL51 BANKED LINKER/LOCATER V6.00                                                      03/12/2012  10:02:08  PAGE 122


  -------         MODULE        ?C?CLDPTR
  C:0EE6H         PUBLIC        ?C?CLDPTR
  -------         ENDMOD        ?C?CLDPTR

  -------         MODULE        ?C?CLDOPTR
  C:0EFFH         PUBLIC        ?C?CLDOPTR
  -------         ENDMOD        ?C?CLDOPTR

  -------         MODULE        ?C?CILDPTR
  C:0F2CH         PUBLIC        ?C?CILDPTR
  -------         ENDMOD        ?C?CILDPTR

  -------         MODULE        ?C?CSTPTR
  C:0F4EH         PUBLIC        ?C?CSTPTR
  -------         ENDMOD        ?C?CSTPTR

  -------         MODULE        ?C?IMUL
  C:0F60H         PUBLIC        ?C?IMUL
  -------         ENDMOD        ?C?IMUL

  -------         MODULE        ?C?UIDIV
  C:0F72H         PUBLIC        ?C?UIDIV
  -------         ENDMOD        ?C?UIDIV

  -------         MODULE        ?C?SIDIV
  C:0FC7H         PUBLIC        ?C?SIDIV
  -------         ENDMOD        ?C?SIDIV

  -------         MODULE        ?C?ILDPTR
  C:0FFDH         PUBLIC        ?C?ILDPTR
  -------         ENDMOD        ?C?ILDPTR

  -------         MODULE        ?C?IILDPTR
  C:1028H         PUBLIC        ?C?IILDPTR
  -------         ENDMOD        ?C?IILDPTR

  -------         MODULE        ?C?ISTPTR
  C:1060H         PUBLIC        ?C?ISTPTR
  -------         ENDMOD        ?C?ISTPTR

  -------         MODULE        ?C?LMUL
  C:107FH         PUBLIC        ?C?LMUL
  -------         ENDMOD        ?C?LMUL

  -------         MODULE        ?C?ULDIV
  C:110AH         PUBLIC        ?C?ULDIV
  -------         ENDMOD        ?C?ULDIV

  -------         MODULE        ?C?SLDIV
  C:27DFH         PUBLIC        ?C?SLDIV
  -------         ENDMOD        ?C?SLDIV

  -------         MODULE        ?C?LNEG
  C:119CH         PUBLIC        ?C?LNEG
  -------         ENDMOD        ?C?LNEG

  -------         MODULE        ?C?ULCMP
BL51 BANKED LINKER/LOCATER V6.00                                                      03/12/2012  10:02:08  PAGE 123


  C:11AAH         PUBLIC        ?C?ULCMP
  -------         ENDMOD        ?C?ULCMP

  -------         MODULE        ?C?ULSHR
  C:11BBH         PUBLIC        ?C?ULSHR
  -------         ENDMOD        ?C?ULSHR

  -------         MODULE        ?C?SLSHR
  C:11CEH         PUBLIC        ?C?SLSHR
  -------         ENDMOD        ?C?SLSHR

  -------         MODULE        ?C?LSHL
  C:11E2H         PUBLIC        ?C?LSHL
  -------         ENDMOD        ?C?LSHL

  -------         MODULE        ?C?LSTXDATA
  C:11F5H         PUBLIC        ?C?LSTXDATA
  -------         ENDMOD        ?C?LSTXDATA

  -------         MODULE        ?C?LSTKXDATA
  C:1201H         PUBLIC        ?C?LSTKXDATA
  -------         ENDMOD        ?C?LSTKXDATA

  -------         MODULE        ?C?OFFXADD
  C:1232H         PUBLIC        ?C?OFFXADD
  -------         ENDMOD        ?C?OFFXADD

  -------         MODULE        ?C?CCASE
  C:123EH         PUBLIC        ?C?CCASE
  -------         ENDMOD        ?C?CCASE

  -------         MODULE        ?C?ICALL
  C:1264H         PUBLIC        ?C?ICALL
  C:1268H         PUBLIC        ?C?ICALL2
  -------         ENDMOD        ?C?ICALL

  -------         MODULE        ABS
  C:2E27H         PUBLIC        _abs
  -------         ENDMOD        ABS

  -------         MODULE        LABS
  C:0003H         PUBLIC        _labs
  -------         ENDMOD        LABS

  -------         MODULE        ?C?IILDX
  C:126AH         PUBLIC        ?C?IILDX
  -------         ENDMOD        ?C?IILDX

*** WARNING L16: UNCALLED SEGMENT, IGNORED FOR OVERLAY PROCESS
    SEGMENT: ?PR?CSCALERDISABLENONLINEARSCALEUP?MODE

*** WARNING L16: UNCALLED SEGMENT, IGNORED FOR OVERLAY PROCESS
    SEGMENT: ?PR?COSDMENUCONTRAST?REALTEK_OSD

*** WARNING L16: UNCALLED SEGMENT, IGNORED FOR OVERLAY PROCESS
    SEGMENT: ?PR?COSDLEFTCONTRAST?REALTEK_OSD

BL51 BANKED LINKER/LOCATER V6.00                                                      03/12/2012  10:02:08  PAGE 124


*** WARNING L16: UNCALLED SEGMENT, IGNORED FOR OVERLAY PROCESS
    SEGMENT: ?PR?COSDRIGHTCONTRAST?REALTEK_OSD

*** WARNING L16: UNCALLED SEGMENT, IGNORED FOR OVERLAY PROCESS
    SEGMENT: ?PR?COSDMENUBRIGHTNESS?REALTEK_OSD

*** WARNING L16: UNCALLED SEGMENT, IGNORED FOR OVERLAY PROCESS
    SEGMENT: ?PR?COSDLEFTBRIGHTNESS?REALTEK_OSD

*** WARNING L16: UNCALLED SEGMENT, IGNORED FOR OVERLAY PROCESS
    SEGMENT: ?PR?COSDRIGHTBRIGHTNESS?REALTEK_OSD

*** WARNING L16: UNCALLED SEGMENT, IGNORED FOR OVERLAY PROCESS
    SEGMENT: ?PR?COSDEXITBRIGHTNESS?REALTEK_OSD

*** WARNING L15: MULTIPLE CALL TO SEGMENT
    SEGMENT: ?PR?_CSCALERSETBYTE?SCALER
    CALLER1: ?PR?INTPROCTIMER0?INT
    CALLER2: ?C_C51STARTUP

*** WARNING L15: MULTIPLE CALL TO SEGMENT
    SEGMENT: ?PR?_CSCALERWRITE?SCALER
    CALLER1: ?PR?INTPROCTIMER0?INT
    CALLER2: ?C_C51STARTUP

Program Size: data=179.0 xdata=996 code=113743
LINK/LOCATE RUN COMPLETE.  10 WARNING(S),  0 ERROR(S)
